../Core/Src/dw1000.c:51:6:dw_write_reg	32	static
../Core/Src/dw1000.c:63:6:dw_read_reg	32	static
../Core/Src/dw1000.c:77:6:dw_write_subreg	40	static
../Core/Src/dw1000.c:105:6:dw_read_subreg	40	static
../Core/Src/dw1000.c:133:10:dw_read_reg32	32	static
../Core/Src/dw1000.c:141:6:dw_write_reg32	24	static
../Core/Src/dw1000.c:151:10:dw_read_subreg16	32	static
../Core/Src/dw1000.c:158:6:dw_write_subreg16	32	static
../Core/Src/dw1000.c:166:6:dw_write_subreg32	24	static
../Core/Src/dw1000.c:182:6:dw_reset	8	static
../Core/Src/dw1000.c:200:6:dw_init	40	static
../Core/Src/dw1000.c:301:6:dw_set_tx_antenna_delay	16	static
../Core/Src/dw1000.c:307:6:dw_set_rx_antenna_delay	16	static
../Core/Src/dw1000.c:316:6:dw_send_frame	24	static
../Core/Src/dw1000.c:348:9:dw_receive_frame	56	static
../Core/Src/dw1000.c:438:16:dw_read_tx_timestamp	128	static
../Core/Src/dw1000.c:447:16:dw_read_rx_timestamp	128	static
../Core/Src/dw1000.c:486:13:pack_ts	56	static
../Core/Src/dw1000.c:495:23:unpack_ts	112	static
../Core/Src/dw1000.c:502:6:dw_twr_initiator_range	232	static
../Core/Src/dw1000.c:577:6:dw_twr_responder_listen	136	static
