Archive member included to satisfy reference by file (symbol)

D:/STM32 Software/STM32CubeIDE_1.15.0/STM32CubeIDE/plugins/com.st.stm32cube.ide.mcu.externaltools.gnu-tools-for-stm32.12.3.rel1.win32_1.0.100.202403111256/tools/bin/../lib/gcc/arm-none-eabi/12.3.1/../../../../arm-none-eabi/lib/thumb/v6-m/nofp\libc_nano.a(libc_a-exit.o)
                              D:/STM32 Software/STM32CubeIDE_1.15.0/STM32CubeIDE/plugins/com.st.stm32cube.ide.mcu.externaltools.gnu-tools-for-stm32.12.3.rel1.win32_1.0.100.202403111256/tools/bin/../lib/gcc/arm-none-eabi/12.3.1/../../../../arm-none-eabi/lib/thumb/v6-m/nofp/crt0.o (exit)
D:/STM32 Software/STM32CubeIDE_1.15.0/STM32CubeIDE/plugins/com.st.stm32cube.ide.mcu.externaltools.gnu-tools-for-stm32.12.3.rel1.win32_1.0.100.202403111256/tools/bin/../lib/gcc/arm-none-eabi/12.3.1/../../../../arm-none-eabi/lib/thumb/v6-m/nofp\libc_nano.a(libc_a-findfp.o)
                              D:/STM32 Software/STM32CubeIDE_1.15.0/STM32CubeIDE/plugins/com.st.stm32cube.ide.mcu.externaltools.gnu-tools-for-stm32.12.3.rel1.win32_1.0.100.202403111256/tools/bin/../lib/gcc/arm-none-eabi/12.3.1/../../../../arm-none-eabi/lib/thumb/v6-m/nofp\libc_nano.a(libc_a-exit.o) (__stdio_exit_handler)
D:/STM32 Software/STM32CubeIDE_1.15.0/STM32CubeIDE/plugins/com.st.stm32cube.ide.mcu.externaltools.gnu-tools-for-stm32.12.3.rel1.win32_1.0.100.202403111256/tools/bin/../lib/gcc/arm-none-eabi/12.3.1/../../../../arm-none-eabi/lib/thumb/v6-m/nofp\libc_nano.a(libc_a-fwalk.o)
                              D:/STM32 Software/STM32CubeIDE_1.15.0/STM32CubeIDE/plugins/com.st.stm32cube.ide.mcu.externaltools.gnu-tools-for-stm32.12.3.rel1.win32_1.0.100.202403111256/tools/bin/../lib/gcc/arm-none-eabi/12.3.1/../../../../arm-none-eabi/lib/thumb/v6-m/nofp\libc_nano.a(libc_a-findfp.o) (_fwalk_sglue)
D:/STM32 Software/STM32CubeIDE_1.15.0/STM32CubeIDE/plugins/com.st.stm32cube.ide.mcu.externaltools.gnu-tools-for-stm32.12.3.rel1.win32_1.0.100.202403111256/tools/bin/../lib/gcc/arm-none-eabi/12.3.1/../../../../arm-none-eabi/lib/thumb/v6-m/nofp\libc_nano.a(libc_a-stdio.o)
                              D:/STM32 Software/STM32CubeIDE_1.15.0/STM32CubeIDE/plugins/com.st.stm32cube.ide.mcu.externaltools.gnu-tools-for-stm32.12.3.rel1.win32_1.0.100.202403111256/tools/bin/../lib/gcc/arm-none-eabi/12.3.1/../../../../arm-none-eabi/lib/thumb/v6-m/nofp\libc_nano.a(libc_a-findfp.o) (__sread)
D:/STM32 Software/STM32CubeIDE_1.15.0/STM32CubeIDE/plugins/com.st.stm32cube.ide.mcu.externaltools.gnu-tools-for-stm32.12.3.rel1.win32_1.0.100.202403111256/tools/bin/../lib/gcc/arm-none-eabi/12.3.1/../../../../arm-none-eabi/lib/thumb/v6-m/nofp\libc_nano.a(libc_a-memset.o)
                              D:/STM32 Software/STM32CubeIDE_1.15.0/STM32CubeIDE/plugins/com.st.stm32cube.ide.mcu.externaltools.gnu-tools-for-stm32.12.3.rel1.win32_1.0.100.202403111256/tools/bin/../lib/gcc/arm-none-eabi/12.3.1/../../../../arm-none-eabi/lib/thumb/v6-m/nofp/crt0.o (memset)
D:/STM32 Software/STM32CubeIDE_1.15.0/STM32CubeIDE/plugins/com.st.stm32cube.ide.mcu.externaltools.gnu-tools-for-stm32.12.3.rel1.win32_1.0.100.202403111256/tools/bin/../lib/gcc/arm-none-eabi/12.3.1/../../../../arm-none-eabi/lib/thumb/v6-m/nofp\libc_nano.a(libc_a-closer.o)
                              D:/STM32 Software/STM32CubeIDE_1.15.0/STM32CubeIDE/plugins/com.st.stm32cube.ide.mcu.externaltools.gnu-tools-for-stm32.12.3.rel1.win32_1.0.100.202403111256/tools/bin/../lib/gcc/arm-none-eabi/12.3.1/../../../../arm-none-eabi/lib/thumb/v6-m/nofp\libc_nano.a(libc_a-stdio.o) (_close_r)
D:/STM32 Software/STM32CubeIDE_1.15.0/STM32CubeIDE/plugins/com.st.stm32cube.ide.mcu.externaltools.gnu-tools-for-stm32.12.3.rel1.win32_1.0.100.202403111256/tools/bin/../lib/gcc/arm-none-eabi/12.3.1/../../../../arm-none-eabi/lib/thumb/v6-m/nofp\libc_nano.a(libc_a-reent.o)
                              D:/STM32 Software/STM32CubeIDE_1.15.0/STM32CubeIDE/plugins/com.st.stm32cube.ide.mcu.externaltools.gnu-tools-for-stm32.12.3.rel1.win32_1.0.100.202403111256/tools/bin/../lib/gcc/arm-none-eabi/12.3.1/../../../../arm-none-eabi/lib/thumb/v6-m/nofp\libc_nano.a(libc_a-closer.o) (errno)
D:/STM32 Software/STM32CubeIDE_1.15.0/STM32CubeIDE/plugins/com.st.stm32cube.ide.mcu.externaltools.gnu-tools-for-stm32.12.3.rel1.win32_1.0.100.202403111256/tools/bin/../lib/gcc/arm-none-eabi/12.3.1/../../../../arm-none-eabi/lib/thumb/v6-m/nofp\libc_nano.a(libc_a-impure.o)
                              D:/STM32 Software/STM32CubeIDE_1.15.0/STM32CubeIDE/plugins/com.st.stm32cube.ide.mcu.externaltools.gnu-tools-for-stm32.12.3.rel1.win32_1.0.100.202403111256/tools/bin/../lib/gcc/arm-none-eabi/12.3.1/../../../../arm-none-eabi/lib/thumb/v6-m/nofp\libc_nano.a(libc_a-reent.o) (_impure_ptr)
D:/STM32 Software/STM32CubeIDE_1.15.0/STM32CubeIDE/plugins/com.st.stm32cube.ide.mcu.externaltools.gnu-tools-for-stm32.12.3.rel1.win32_1.0.100.202403111256/tools/bin/../lib/gcc/arm-none-eabi/12.3.1/../../../../arm-none-eabi/lib/thumb/v6-m/nofp\libc_nano.a(libc_a-lseekr.o)
[...]
Memory Configuration

Name             Origin             Length             Attributes
RAM              0x20000000         0x00002000         xrw
FLASH            0x08000000         0x00008000         xr
*default*        0x00000000         0xffffffff

Linker script and memory map

LOAD D:/STM32 Software/STM32CubeIDE_1.15.0/STM32CubeIDE/plugins/com.st.stm32cube.ide.mcu.externaltools.gnu-tools-for-stm32.12.3.rel1.win32_1.0.100.202403111256/tools/bin/../lib/gcc/arm-none-eabi/12.3.1/thumb/v6-m/nofp/crti.o
LOAD D:/STM32 Software/STM32CubeIDE_1.15.0/STM32CubeIDE/plugins/com.st.stm32cube.ide.mcu.externaltools.gnu-tools-for-stm32.12.3.rel1.win32_1.0.100.202403111256/tools/bin/../lib/gcc/arm-none-eabi/12.3.1/thumb/v6-m/nofp/crtbegin.o
LOAD D:/STM32 Software/STM32CubeIDE_1.15.0/STM32CubeIDE/plugins/com.st.stm32cube.ide.mcu.externaltools.gnu-tools-for-stm32.12.3.rel1.win32_1.0.100.202403111256/tools/bin/../lib/gcc/arm-none-eabi/12.3.1/../../../../arm-none-eabi/lib/thumb/v6-m/nofp/crt0.o
LOAD ./Core/Src/dw1000.o
LOAD ./Core/Src/main.o
LOAD ./Core/Src/stm32l0xx_it.o
LOAD ./Core/Src/syscalls.o
LOAD ./Core/Src/sysmem.o
LOAD ./Core/Src/system_stm32l0xx.o
LOAD ./Core/Startup/startup_stm32l041g6uxs.o
LOAD ./Drivers/STM32L0xx_HAL_Driver/Src/stm32l0xx_ll_dma.o
LOAD ./Drivers/STM32L0xx_HAL_Driver/Src/stm32l0xx_ll_exti.o
LOAD ./Drivers/STM32L0xx_HAL_Driver/Src/stm32l0xx_ll_gpio.o
LOAD ./Drivers/STM32L0xx_HAL_Driver/Src/stm32l0xx_ll_pwr.o
LOAD ./Drivers/STM32L0xx_HAL_Driver/Src/stm32l0xx_ll_rcc.o
LOAD ./Drivers/STM32L0xx_HAL_Driver/Src/stm32l0xx_ll_spi.o
LOAD ./Drivers/STM32L0xx_HAL_Driver/Src/stm32l0xx_ll_utils.o
START GROUP
LOAD D:/STM32 Software/STM32CubeIDE_1.15.0/STM32CubeIDE/plugins/com.st.stm32cube.ide.mcu.externaltools.gnu-tools-for-stm32.12.3.rel1.win32_1.0.100.202403111256/tools/bin/../lib/gcc/arm-none-eabi/12.3.1/../../../../arm-none-eabi/lib/thumb/v6-m/nofp\libc_nano.a
LOAD D:/STM32 Software/STM32CubeIDE_1.15.0/STM32CubeIDE/plugins/com.st.stm32cube.ide.mcu.externaltools.gnu-tools-for-stm32.12.3.rel1.win32_1.0.100.202403111256/tools/bin/../lib/gcc/arm-none-eabi/12.3.1/../../../../arm-none-eabi/lib/thumb/v6-m/nofp\libm.a
END GROUP
START GROUP
LOAD D:/STM32 Software/STM32CubeIDE_1.15.0/STM32CubeIDE/plugins/com.st.stm32cube.ide.mcu.externaltools.gnu-tools-for-stm32.12.3.rel1.win32_1.0.100.202403111256/tools/bin/../lib/gcc/arm-none-eabi/12.3.1/thumb/v6-m/nofp\libgcc.a
LOAD D:/STM32 Software/STM32CubeIDE_1.15.0/STM32CubeIDE/plugins/com.st.stm32cube.ide.mcu.externaltools.gnu-tools-for-stm32.12.3.rel1.win32_1.0.100.202403111256/tools/bin/../lib/gcc/arm-none-eabi/12.3.1/../../../../arm-none-eabi/lib/thumb/v6-m/nofp\libc_nano.a
END GROUP
START GROUP
LOAD D:/STM32 Software/STM32CubeIDE_1.15.0/STM32CubeIDE/plugins/com.st.stm32cube.ide.mcu.externaltools.gnu-tools-for-stm32.12.3.rel1.win32_1.0.100.202403111256/tools/bin/../lib/gcc/arm-none-eabi/12.3.1/thumb/v6-m/nofp\libgcc.a
LOAD D:/STM32 Software/STM32CubeIDE_1.15.0/STM32CubeIDE/plugins/com.st.stm32cube.ide.mcu.externaltools.gnu-tools-for-stm32.12.3.rel1.win32_1.0.100.202403111256/tools/bin/../lib/gcc/arm-none-eabi/12.3.1/../../../../arm-none-eabi/lib/thumb/v6-m/nofp\libc_nano.a
LOAD D:/STM32 Software/STM32CubeIDE_1.15.0/STM32CubeIDE/plugins/com.st.stm32cube.ide.mcu.externaltools.gnu-tools-for-stm32.12.3.rel1.win32_1.0.100.202403111256/tools/bin/../lib/gcc/arm-none-eabi/12.3.1/../../../../arm-none-eabi/lib/thumb/v6-m/nofp\libnosys.a
END GROUP
START GROUP
LOAD D:/STM32 Software/STM32CubeIDE_1.15.0/STM32CubeIDE/plugins/com.st.stm32cube.ide.mcu.externaltools.gnu-tools-for-stm32.12.3.rel1.win32_1.0.100.202403111256/tools/bin/../lib/gcc/arm-none-eabi/12.3.1/thumb/v6-m/nofp\libgcc.a
LOAD D:/STM32 Software/STM32CubeIDE_1.15.0/STM32CubeIDE/plugins/com.st.stm32cube.ide.mcu.externaltools.gnu-tools-for-stm32.12.3.rel1.win32_1.0.100.202403111256/tools/bin/../lib/gcc/arm-none-eabi/12.3.1/../../../../arm-none-eabi/lib/thumb/v6-m/nofp\libc_nano.a
LOAD D:/STM32 Software/STM32CubeIDE_1.15.0/STM32CubeIDE/plugins/com.st.stm32cube.ide.mcu.externaltools.gnu-tools-for-stm32.12.3.rel1.win32_1.0.100.202403111256/tools/bin/../lib/gcc/arm-none-eabi/12.3.1/../../../../arm-none-eabi/lib/thumb/v6-m/nofp\libnosys.a
END GROUP
LOAD D:/STM32 Software/STM32CubeIDE_1.15.0/STM32CubeIDE/plugins/com.st.stm32cube.ide.mcu.externaltools.gnu-tools-for-stm32.12.3.rel1.win32_1.0.100.202403111256/tools/bin/../lib/gcc/arm-none-eabi/12.3.1/thumb/v6-m/nofp/crtend.o
LOAD D:/STM32 Software/STM32CubeIDE_1.15.0/STM32CubeIDE/plugins/com.st.stm32cube.ide.mcu.externaltools.gnu-tools-for-stm32.12.3.rel1.win32_1.0.100.202403111256/tools/bin/../lib/gcc/arm-none-eabi/12.3.1/thumb/v6-m/nofp/crtn.o
                0x20002000                        _estack = (ORIGIN (RAM) + LENGTH (RAM))
                0x00000200                        _Min_Heap_Size = 0x200
                0x00000400                        _Min_Stack_Size = 0x400

.isr_vector     0x08000000       0xc0
                0x08000000                        . = ALIGN (0x4)
 *(.isr_vector)
 .isr_vector    0x08000000       0xc0 ./Core/Startup/startup_stm32l041g6uxs.o
                0x08000000                g_pfnVectors
                0x080000c0                        . = ALIGN (0x4)

.text           0x080000c0     0x2c88
                0x080000c0                        . = ALIGN (0x4)
 *(.text)
 .text          0x080000c0       0x48 D:/STM32 Software/STM32CubeIDE_1.15.0/STM32CubeIDE/plugins/com.st.stm32cube.ide.mcu.externaltools.gnu-tools-for-stm32.12.3.rel1.win32_1.0.100.202403111256/tools/bin/../lib/gcc/arm-none-eabi/12.3.1/thumb/v6-m/nofp/crtbegin.o
 .text          0x08000108      0x114 D:/STM32 Software/STM32CubeIDE_1.15.0/STM32CubeIDE/plugins/com.st.stm32cube.ide.mcu.externaltools.gnu-tools-for-stm32.12.3.rel1.win32_1.0.100.202403111256/tools/bin/../lib/gcc/arm-none-eabi/12.3.1/thumb/v6-m/nofp\libgcc.a(_udivsi3.o)
                0x08000108                __aeabi_uidiv
                0x08000108                __udivsi3
                0x08000214                __aeabi_uidivmod
 .text          0x0800021c        0x4 D:/STM32 Software/STM32CubeIDE_1.15.0/STM32CubeIDE/plugins/com.st.stm32cube.ide.mcu.externaltools.gnu-tools-for-stm32.12.3.rel1.win32_1.0.100.202403111256/tools/bin/../lib/gcc/arm-none-eabi/12.3.1/thumb/v6-m/nofp\libgcc.a(_dvmd_tls.o)
                0x0800021c                __aeabi_idiv0
                0x0800021c                __aeabi_ldiv0
 .text          0x08000220       0x68 D:/STM32 Software/STM32CubeIDE_1.15.0/STM32CubeIDE/plugins/com.st.stm32cube.ide.mcu.externaltools.gnu-tools-for-stm32.12.3.rel1.win32_1.0.100.202403111256/tools/bin/../lib/gcc/arm-none-eabi/12.3.1/thumb/v6-m/nofp\libgcc.a(_floatdisf.o)
                0x08000220                __aeabi_l2f
                0x08000220                __floatdisf
 .text          0x08000288      0x240 D:/STM32 Software/STM32CubeIDE_1.15.0/STM32CubeIDE/plugins/com.st.stm32cube.ide.mcu.externaltools.gnu-tools-for-stm32.12.3.rel1.win32_1.0.100.202403111256/tools/bin/../lib/gcc/arm-none-eabi/12.3.1/thumb/v6-m/nofp\libgcc.a(divsf3.o)
                0x08000288                __aeabi_fdiv
 .text          0x080004c8      0x27c D:/STM32 Software/STM32CubeIDE_1.15.0/STM32CubeIDE/plugins/com.st.stm32cube.ide.mcu.externaltools.gnu-tools-for-stm32.12.3.rel1.win32_1.0.100.202403111256/tools/bin/../lib/gcc/arm-none-eabi/12.3.1/thumb/v6-m/nofp\libgcc.a(mulsf3.o)
                0x080004c8                __aeabi_fmul
 .text          0x08000744      0x6c8 D:/STM32 Software/STM32CubeIDE_1.15.0/STM32CubeIDE/plugins/com.st.stm32cube.ide.mcu.externaltools.gnu-tools-for-stm32.12.3.rel1.win32_1.0.100.202403111256/tools/bin/../lib/gcc/arm-none-eabi/12.3.1/thumb/v6-m/nofp\libgcc.a(adddf3.o)
                0x08000744                __aeabi_dadd
 .text          0x08000e0c      0x590 D:/STM32 Software/STM32CubeIDE_1.15.0/STM32CubeIDE/plugins/com.st.stm32cube.ide.mcu.externaltools.gnu-tools-for-stm32.12.3.rel1.win32_1.0.100.202403111256/tools/bin/../lib/gcc/arm-none-eabi/12.3.1/thumb/v6-m/nofp\libgcc.a(muldf3.o)
                0x08000e0c                __aeabi_dmul
 .text          0x0800139c       0x5c D:/STM32 Software/STM32CubeIDE_1.15.0/STM32CubeIDE/plugins/com.st.stm32cube.ide.mcu.externaltools.gnu-tools-for-stm32.12.3.rel1.win32_1.0.100.202403111256/tools/bin/../lib/gcc/arm-none-eabi/12.3.1/thumb/v6-m/nofp\libgcc.a(floatsidf.o)
                0x0800139c                __aeabi_i2d
 .text          0x080013f8       0x48 D:/STM32 Software/STM32CubeIDE_1.15.0/STM32CubeIDE/plugins/com.st.stm32cube.ide.mcu.externaltools.gnu-tools-for-stm32.12.3.rel1.win32_1.0.100.202403111256/tools/bin/../lib/gcc/arm-none-eabi/12.3.1/thumb/v6-m/nofp\libgcc.a(floatunsidf.o)
                0x080013f8                __aeabi_ui2d
 .text          0x08001440      0x108 D:/STM32 Software/STM32CubeIDE_1.15.0/STM32CubeIDE/plugins/com.st.stm32cube.ide.mcu.externaltools.gnu-tools-for-stm32.12.3.rel1.win32_1.0.100.202403111256/tools/bin/../lib/gcc/arm-none-eabi/12.3.1/thumb/v6-m/nofp\libgcc.a(truncdfsf2.o)
                0x08001440                __aeabi_d2f
 .text          0x08001548       0x3c D:/STM32 Software/STM32CubeIDE_1.15.0/STM32CubeIDE/plugins/com.st.stm32cube.ide.mcu.externaltools.gnu-tools-for-stm32.12.3.rel1.win32_1.0.100.202403111256/tools/bin/../lib/gcc/arm-none-eabi/12.3.1/thumb/v6-m/nofp\libgcc.a(_clzsi2.o)
                0x08001548                __clzsi2
 *(.text*)
 .text.dw_write_reg
                0x08001584       0x72 ./Core/Src/dw1000.o
                0x08001584                dw_write_reg
 .text.dw_read_reg
                0x080015f6       0x6c ./Core/Src/dw1000.o
                0x080015f6                dw_read_reg
 .text.dw_write_subreg
                0x08001662       0xd0 ./Core/Src/dw1000.o
                0x08001662                dw_write_subreg
 .text.dw_read_subreg
                0x08001732       0xda ./Core/Src/dw1000.o
                0x08001732                dw_read_subreg
 .text.dw_read_reg32
                0x0800180c       0x44 ./Core/Src/dw1000.o
                0x0800180c                dw_read_reg32
 .text.dw_write_reg32
                0x08001850       0x4c ./Core/Src/dw1000.o
                0x08001850                dw_write_reg32
 .text.dw_write_subreg16
                0x0800189c       0x50 ./Core/Src/dw1000.o
                0x0800189c                dw_write_subreg16
 .text.dw_write_subreg32
                0x080018ec       0x54 ./Core/Src/dw1000.o
                0x080018ec                dw_write_subreg32
 .text.dw_reset
                0x08001940       0x58 ./Core/Src/dw1000.o
                0x08001940                dw_reset
 .text.dw_init  0x08001998      0x178 ./Core/Src/dw1000.o
                0x08001998                dw_init
 .text.dw_set_tx_antenna_delay
                0x08001b10       0x2a ./Core/Src/dw1000.o
                0x08001b10                dw_set_tx_antenna_delay
 *fill*         0x08001b3a        0x2 
 .text.dw_set_rx_antenna_delay
                0x08001b3c       0x28 ./Core/Src/dw1000.o
                0x08001b3c                dw_set_rx_antenna_delay
 .text.dw_send_frame
                0x08001b64       0x6a ./Core/Src/dw1000.o
                0x08001b64                dw_send_frame
 *fill*         0x08001bce        0x2 
 .text.dw_receive_frame
                0x08001bd0      0x13c ./Core/Src/dw1000.o
                0x08001bd0                dw_receive_frame
 .text.dw_read_tx_timestamp
                0x08001d0c       0xe8 ./Core/Src/dw1000.o
                0x08001d0c                dw_read_tx_timestamp
 .text.dw_read_rx_timestamp
                0x08001df4       0xe8 ./Core/Src/dw1000.o
                0x08001df4                dw_read_rx_timestamp
 .text.unpack_ts
                0x08001edc       0xd0 ./Core/Src/dw1000.o
 .text.dw_twr_initiator_range
                0x08001fac      0x144 ./Core/Src/dw1000.o
                0x08001fac                dw_twr_initiator_range
 .text.__NVIC_SetPriority
                0x080020f0       0xdc ./Core/Src/main.o
 .text.LL_RCC_MSI_Enable
                0x080021cc       0x1c ./Core/Src/main.o
 .text.LL_RCC_MSI_IsReady
                0x080021e8       0x28 ./Core/Src/main.o
 .text.LL_RCC_MSI_SetRange
                0x08002210       0x2c ./Core/Src/main.o
 .text.LL_RCC_MSI_SetCalibTrimming
                0x0800223c       0x28 ./Core/Src/main.o
 .text.LL_RCC_SetSysClkSource
                0x08002264       0x28 ./Core/Src/main.o
 .text.LL_RCC_GetSysClkSource
                0x0800228c       0x18 ./Core/Src/main.o
 .text.LL_RCC_SetAHBPrescaler
                0x080022a4       0x28 ./Core/Src/main.o
 .text.LL_RCC_SetAPB1Prescaler
                0x080022cc       0x2c ./Core/Src/main.o
 .text.LL_RCC_SetAPB2Prescaler
                0x080022f8       0x2c ./Core/Src/main.o
 .text.LL_APB1_GRP1_EnableClock
                0x08002324       0x2c ./Core/Src/main.o
 .text.LL_APB2_GRP1_EnableClock
                0x08002350       0x2c ./Core/Src/main.o
 .text.LL_IOP_GRP1_EnableClock
                0x0800237c       0x2c ./Core/Src/main.o
 .text.LL_FLASH_SetLatency
                0x080023a8       0x28 ./Core/Src/main.o
 .text.LL_FLASH_GetLatency
                0x080023d0       0x18 ./Core/Src/main.o
 .text.LL_PWR_SetRegulVoltageScaling
                0x080023e8       0x2c ./Core/Src/main.o
 .text.LL_PWR_IsActiveFlag_VOS
                0x08002414       0x20 ./Core/Src/main.o
 .text.LL_SPI_Enable
                0x08002434       0x1c ./Core/Src/main.o
 .text.LL_SPI_SetStandard
                0x08002450       0x24 ./Core/Src/main.o
 .text.LL_SPI_IsActiveFlag_RXNE
                0x08002474       0x22 ./Core/Src/main.o
 .text.LL_SPI_IsActiveFlag_TXE
                0x08002496       0x22 ./Core/Src/main.o
 .text.LL_SPI_IsActiveFlag_BSY
                0x080024b8       0x22 ./Core/Src/main.o
 .text.LL_SPI_ReceiveData8
                0x080024da       0x18 ./Core/Src/main.o
 .text.LL_SPI_TransmitData8
                0x080024f2       0x24 ./Core/Src/main.o
 .text.LL_GPIO_SetOutputPin
                0x08002516       0x18 ./Core/Src/main.o
 .text.LL_GPIO_ResetOutputPin
                0x0800252e       0x18 ./Core/Src/main.o
 *fill*         0x08002546        0x2 
 .text.spi_txrx
                0x08002548       0x70 ./Core/Src/main.o
                0x08002548                spi_txrx
 .text.DW1000_CS_LOW
                0x080025b8       0x18 ./Core/Src/main.o
                0x080025b8                DW1000_CS_LOW
 .text.DW1000_CS_HIGH
                0x080025d0       0x18 ./Core/Src/main.o
                0x080025d0                DW1000_CS_HIGH
 .text.main     0x080025e8       0x80 ./Core/Src/main.o
                0x080025e8                main
 .text.SystemClock_Config
                0x08002668       0x84 ./Core/Src/main.o
                0x08002668                SystemClock_Config
 .text.MX_SPI1_Init
                0x080026ec      0x138 ./Core/Src/main.o
 .text.MX_GPIO_Init
                0x08002824       0x5c ./Core/Src/main.o
 .text.NMI_Handler
                0x08002880        0x8 ./Core/Src/stm32l0xx_it.o
                0x08002880                NMI_Handler
 .text.HardFault_Handler
                0x08002888        0x8 ./Core/Src/stm32l0xx_it.o
                0x08002888                HardFault_Handler
 .text.SVC_Handler
                0x08002890        0xa ./Core/Src/stm32l0xx_it.o
                0x08002890                SVC_Handler
 .text.PendSV_Handler
                0x0800289a        0xa ./Core/Src/stm32l0xx_it.o
                0x0800289a                PendSV_Handler
 .text.SysTick_Handler
                0x080028a4        0xa ./Core/Src/stm32l0xx_it.o
                0x080028a4                SysTick_Handler
 .text.SystemInit
                0x080028ae        0xa ./Core/Src/system_stm32l0xx.o
                0x080028ae                SystemInit
 .text.Reset_Handler
                0x080028b8       0x50 ./Core/Startup/startup_stm32l041g6uxs.o
                0x080028b8                Reset_Handler
 .text.Default_Handler
                0x08002908        0x2 ./Core/Startup/startup_stm32l041g6uxs.o
                0x08002908                ADC1_COMP_IRQHandler
                0x08002908                PVD_IRQHandler
                0x08002908                I2C1_IRQHandler
                0x08002908                SPI1_IRQHandler
                0x08002908                EXTI2_3_IRQHandler
                0x08002908                AES_LPUART1_IRQHandler
                0x08002908                RTC_IRQHandler
                0x08002908                DMA1_Channel4_5_6_7_IRQHandler
                0x08002908                EXTI4_15_IRQHandler
                0x08002908                RCC_IRQHandler
                0x08002908                DMA1_Channel1_IRQHandler
                0x08002908                Default_Handler
                0x08002908                TIM22_IRQHandler
                0x08002908                EXTI0_1_IRQHandler
                0x08002908                TIM21_IRQHandler
                0x08002908                WWDG_IRQHandler
                0x08002908                TIM2_IRQHandler
                0x08002908                DMA1_Channel2_3_IRQHandler
                0x08002908                USART2_IRQHandler
                0x08002908                FLASH_IRQHandler
                0x08002908                LPTIM1_IRQHandler
 .text.LL_GPIO_SetPinMode
                0x0800290a       0x38 ./Drivers/STM32L0xx_HAL_Driver/Src/stm32l0xx_ll_gpio.o
 .text.LL_GPIO_SetPinOutputType
                0x08002942       0x2a ./Drivers/STM32L0xx_HAL_Driver/Src/stm32l0xx_ll_gpio.o
 .text.LL_GPIO_SetPinSpeed
                0x0800296c       0x38 ./Drivers/STM32L0xx_HAL_Driver/Src/stm32l0xx_ll_gpio.o
 .text.LL_GPIO_SetPinPull
                0x080029a4       0x38 ./Drivers/STM32L0xx_HAL_Driver/Src/stm32l0xx_ll_gpio.o
 .text.LL_GPIO_SetAFPin_0_7
                0x080029dc       0x46 ./Drivers/STM32L0xx_HAL_Driver/Src/stm32l0xx_ll_gpio.o
 .text.LL_GPIO_SetAFPin_8_15
                0x08002a22       0x5a ./Drivers/STM32L0xx_HAL_Driver/Src/stm32l0xx_ll_gpio.o
 .text.LL_GPIO_Init
                0x08002a7c       0xbc ./Drivers/STM32L0xx_HAL_Driver/Src/stm32l0xx_ll_gpio.o
                0x08002a7c                LL_GPIO_Init
 .text.LL_SPI_IsEnabled
                0x08002b38       0x22 ./Drivers/STM32L0xx_HAL_Driver/Src/stm32l0xx_ll_spi.o
 .text.LL_SPI_SetCRCPolynomial
                0x08002b5a       0x1c ./Drivers/STM32L0xx_HAL_Driver/Src/stm32l0xx_ll_spi.o
 *fill*         0x08002b76        0x2 
 .text.LL_SPI_Init
                0x08002b78       0xac ./Drivers/STM32L0xx_HAL_Driver/Src/stm32l0xx_ll_spi.o
                0x08002b78                LL_SPI_Init
 .text.LL_InitTick
                0x08002c24       0x34 ./Drivers/STM32L0xx_HAL_Driver/Src/stm32l0xx_ll_utils.o
 .text.LL_Init1msTick
                0x08002c58       0x1e ./Drivers/STM32L0xx_HAL_Driver/Src/stm32l0xx_ll_utils.o
                0x08002c58                LL_Init1msTick
 *fill*         0x08002c76        0x2 
 .text.LL_mDelay
                0x08002c78       0x44 ./Drivers/STM32L0xx_HAL_Driver/Src/stm32l0xx_ll_utils.o
                0x08002c78                LL_mDelay
 .text.LL_SetSystemCoreClock
                0x08002cbc       0x1c ./Drivers/STM32L0xx_HAL_Driver/Src/stm32l0xx_ll_utils.o
                0x08002cbc                LL_SetSystemCoreClock
 .text.memset   0x08002cd8       0x10 D:/STM32 Software/STM32CubeIDE_1.15.0/STM32CubeIDE/plugins/com.st.stm32cube.ide.mcu.externaltools.gnu-tools-for-stm32.12.3.rel1.win32_1.0.100.202403111256/tools/bin/../lib/gcc/arm-none-eabi/12.3.1/../../../../arm-none-eabi/lib/thumb/v6-m/nofp\libc_nano.a(libc_a-memset.o)
                0x08002cd8                memset
 .text.__libc_init_array
                0x08002ce8       0x48 D:/STM32 Software/STM32CubeIDE_1.15.0/STM32CubeIDE/plugins/com.st.stm32cube.ide.mcu.externaltools.gnu-tools-for-stm32.12.3.rel1.win32_1.0.100.202403111256/tools/bin/../lib/gcc/arm-none-eabi/12.3.1/../../../../arm-none-eabi/lib/thumb/v6-m/nofp\libc_nano.a(libc_a-init.o)
                0x08002ce8                __libc_init_array
 *(.glue_7)
 .glue_7        0x08002d30        0x0 linker stubs
 *(.glue_7t)
 .glue_7t       0x08002d30        0x0 linker stubs
 *(.eh_frame)
 .eh_frame      0x08002d30        0x0 D:/STM32 Software/STM32CubeIDE_1.15.0/STM32CubeIDE/plugins/com.st.stm32cube.ide.mcu.externaltools.gnu-tools-for-stm32.12.3.rel1.win32_1.0.100.202403111256/tools/bin/../lib/gcc/arm-none-eabi/12.3.1/thumb/v6-m/nofp/crtbegin.o
 *(.init)
 .init          0x08002d30        0x4 D:/STM32 Software/STM32CubeIDE_1.15.0/STM32CubeIDE/plugins/com.st.stm32cube.ide.mcu.externaltools.gnu-tools-for-stm32.12.3.rel1.win32_1.0.100.202403111256/tools/bin/../lib/gcc/arm-none-eabi/12.3.1/thumb/v6-m/nofp/crti.o
                0x08002d30                _init
 .init          0x08002d34        0x8 D:/STM32 Software/STM32CubeIDE_1.15.0/STM32CubeIDE/plugins/com.st.stm32cube.ide.mcu.externaltools.gnu-tools-for-stm32.12.3.rel1.win32_1.0.100.202403111256/tools/bin/../lib/gcc/arm-none-eabi/12.3.1/thumb/v6-m/nofp/crtn.o
 *(.fini)
 .fini          0x08002d3c        0x4 D:/STM32 Software/STM32CubeIDE_1.15.0/STM32CubeIDE/plugins/com.st.stm32cube.ide.mcu.externaltools.gnu-tools-for-stm32.12.3.rel1.win32_1.0.100.202403111256/tools/bin/../lib/gcc/arm-none-eabi/12.3.1/thumb/v6-m/nofp/crti.o
                0x08002d3c                _fini
 .fini          0x08002d40        0x8 D:/STM32 Software/STM32CubeIDE_1.15.0/STM32CubeIDE/plugins/com.st.stm32cube.ide.mcu.externaltools.gnu-tools-for-stm32.12.3.rel1.win32_1.0.100.202403111256/tools/bin/../lib/gcc/arm-none-eabi/12.3.1/thumb/v6-m/nofp/crtn.o
                0x08002d48                        . = ALIGN (0x4)
                0x08002d48                        _etext = .

.vfp11_veneer   0x08002d48        0x0
 .vfp11_veneer  0x08002d48        0x0 linker stubs

.v4_bx          0x08002d48        0x0
 .v4_bx         0x08002d48        0x0 linker stubs

.iplt           0x08002d48        0x0
 .iplt          0x08002d48        0x0 D:/STM32 Software/STM32CubeIDE_1.15.0/STM32CubeIDE/plugins/com.st.stm32cube.ide.mcu.externaltools.gnu-tools-for-stm32.12.3.rel1.win32_1.0.100.202403111256/tools/bin/../lib/gcc/arm-none-eabi/12.3.1/thumb/v6-m/nofp/crtbegin.o

.rodata         0x08002d48       0x7c
                0x08002d48                        . = ALIGN (0x4)
 *(.rodata)
 .rodata        0x08002d48       0x7c D:/STM32 Software/STM32CubeIDE_1.15.0/STM32CubeIDE/plugins/com.st.stm32cube.ide.mcu.externaltools.gnu-tools-for-stm32.12.3.rel1.win32_1.0.100.202403111256/tools/bin/../lib/gcc/arm-none-eabi/12.3.1/thumb/v6-m/nofp\libgcc.a(divsf3.o)
 *(.rodata*)
                0x08002dc4                        . = ALIGN (0x4)

.ARM.extab      0x08002dc4        0x0
                0x08002dc4                        . = ALIGN (0x4)
 *(.ARM.extab* .gnu.linkonce.armextab.*)
                0x08002dc4                        . = ALIGN (0x4)

.ARM            0x08002dc4        0x0
                0x08002dc4                        . = ALIGN (0x4)
                0x08002dc4                        __exidx_start = .
 *(.ARM.exidx*)
                0x08002dc4                        __exidx_end = .
                0x08002dc4                        . = ALIGN (0x4)

.preinit_array  0x08002dc4        0x0
                0x08002dc4                        . = ALIGN (0x4)
                0x08002dc4                        PROVIDE (__preinit_array_start = .)
 *(.preinit_array*)
                0x08002dc4                        PROVIDE (__preinit_array_end = .)
                0x08002dc4                        . = ALIGN (0x4)

.init_array     0x08002dc4        0x4
                0x08002dc4                        . = ALIGN (0x4)
                0x08002dc4                        PROVIDE (__init_array_start = .)
 *(SORT_BY_NAME(.init_array.*))
 *(.init_array*)
 .init_array    0x08002dc4        0x4 D:/STM32 Software/STM32CubeIDE_1.15.0/STM32CubeIDE/plugins/com.st.stm32cube.ide.mcu.externaltools.gnu-tools-for-stm32.12.3.rel1.win32_1.0.100.202403111256/tools/bin/../lib/gcc/arm-none-eabi/12.3.1/thumb/v6-m/nofp/crtbegin.o
                0x08002dc8                        PROVIDE (__init_array_end = .)
                0x08002dc8                        . = ALIGN (0x4)

.fini_array     0x08002dc8        0x4
                0x08002dc8                        . = ALIGN (0x4)
                [!provide]                        PROVIDE (__fini_array_start = .)
 *(SORT_BY_NAME(.fini_array.*))
 *(.fini_array*)
 .fini_array    0x08002dc8        0x4 D:/STM32 Software/STM32CubeIDE_1.15.0/STM32CubeIDE/plugins/com.st.stm32cube.ide.mcu.externaltools.gnu-tools-for-stm32.12.3.rel1.win32_1.0.100.202403111256/tools/bin/../lib/gcc/arm-none-eabi/12.3.1/thumb/v6-m/nofp/crtbegin.o
                [!provide]                        PROVIDE (__fini_array_end = .)
                0x08002dcc                        . = ALIGN (0x4)
                0x08002dcc                        _sidata = LOADADDR (.data)

.rel.dyn        0x08002dcc        0x0
 .rel.iplt      0x08002dcc        0x0 D:/STM32 Software/STM32CubeIDE_1.15.0/STM32CubeIDE/plugins/com.st.stm32cube.ide.mcu.externaltools.gnu-tools-for-stm32.12.3.rel1.win32_1.0.100.202403111256/tools/bin/../lib/gcc/arm-none-eabi/12.3.1/thumb/v6-m/nofp/crtbegin.o

.data           0x20000000        0x4 load address 0x08002dcc
                0x20000000                        . = ALIGN (0x4)
                0x20000000                        _sdata = .
 *(.data)
 *(.data*)
 .data.SystemCoreClock
                0x20000000        0x4 ./Core/Src/system_stm32l0xx.o
                0x20000000                SystemCoreClock
 *(.RamFunc)
 *(.RamFunc*)
                0x20000004                        . = ALIGN (0x4)
                0x20000004                        _edata = .

.igot.plt       0x20000004        0x0 load address 0x08002dd0
 .igot.plt      0x20000004        0x0 D:/STM32 Software/STM32CubeIDE_1.15.0/STM32CubeIDE/plugins/com.st.stm32cube.ide.mcu.externaltools.gnu-tools-for-stm32.12.3.rel1.win32_1.0.100.202403111256/tools/bin/../lib/gcc/arm-none-eabi/12.3.1/thumb/v6-m/nofp/crtbegin.o
                0x20000004                        . = ALIGN (0x4)

.bss            0x20000004       0x1c load address 0x08002dd0
                0x20000004                        _sbss = .
                0x20000004                        __bss_start__ = _sbss
 *(.bss)
 .bss           0x20000004       0x1c D:/STM32 Software/STM32CubeIDE_1.15.0/STM32CubeIDE/plugins/com.st.stm32cube.ide.mcu.externaltools.gnu-tools-for-stm32.12.3.rel1.win32_1.0.100.202403111256/tools/bin/../lib/gcc/arm-none-eabi/12.3.1/thumb/v6-m/nofp/crtbegin.o
 *(.bss*)
 *(COMMON)
                0x20000020                        . = ALIGN (0x4)
                0x20000020                        _ebss = .
                0x20000020                        __bss_end__ = _ebss

._user_heap_stack
                0x20000020      0x600 load address 0x08002dd0
                0x20000020                        . = ALIGN (0x8)
                [!provide]                        PROVIDE (end = .)
                0x20000020                        PROVIDE (_end = .)
                0x20000220                        . = (. + _Min_Heap_Size)
 *fill*         0x20000020      0x200 
                0x20000620                        . = (. + _Min_Stack_Size)
 *fill*         0x20000220      0x400 
                0x20000620                        . = ALIGN (0x8)

/DISCARD/
 libc.a(*)
 libm.a(*)
 libgcc.a(*)

.ARM.attributes
                0x00000000       0x28
 *(.ARM.attributes)
 .ARM.attributes
                0x00000000       0x1e D:/STM32 Software/STM32CubeIDE_1.15.0/STM32CubeIDE/plugins/com.st.stm32cube.ide.mcu.externaltools.gnu-tools-for-stm32.12.3.rel1.win32_1.0.100.202403111256/tools/bin/../lib/gcc/arm-none-eabi/12.3.1/thumb/v6-m/nofp/crti.o
 .ARM.attributes
                0x0000001e       0x2c D:/STM32 Software/STM32CubeIDE_1.15.0/STM32CubeIDE/plugins/com.st.stm32cube.ide.mcu.externaltools.gnu-tools-for-stm32.12.3.rel1.win32_1.0.100.202403111256/tools/bin/../lib/gcc/arm-none-eabi/12.3.1/thumb/v6-m/nofp/crtbegin.o
 .ARM.attributes
                0x0000004a       0x2c ./Core/Src/dw1000.o
 .ARM.attributes
                0x00000076       0x2c ./Core/Src/main.o
 .ARM.attributes
                0x000000a2       0x2c ./Core/Src/stm32l0xx_it.o
 .ARM.attributes
                0x000000ce       0x2c ./Core/Src/system_stm32l0xx.o
 .ARM.attributes
                0x000000fa       0x22 ./Core/Startup/startup_stm32l041g6uxs.o
 .ARM.attributes
                0x0000011c       0x2c ./Drivers/STM32L0xx_HAL_Driver/Src/stm32l0xx_ll_gpio.o
 .ARM.attributes
                0x00000148       0x2c ./Drivers/STM32L0xx_HAL_Driver/Src/stm32l0xx_ll_spi.o
 .ARM.attributes
                0x00000174       0x2c ./Drivers/STM32L0xx_HAL_Driver/Src/stm32l0xx_ll_utils.o
 .ARM.attributes
                0x000001a0       0x2c D:/STM32 Software/STM32CubeIDE_1.15.0/STM32CubeIDE/plugins/com.st.stm32cube.ide.mcu.externaltools.gnu-tools-for-stm32.12.3.rel1.win32_1.0.100.202403111256/tools/bin/../lib/gcc/arm-none-eabi/12.3.1/../../../../arm-none-eabi/lib/thumb/v6-m/nofp\libc_nano.a(libc_a-memset.o)
 .ARM.attributes
                0x000001cc       0x2c D:/STM32 Software/STM32CubeIDE_1.15.0/STM32CubeIDE/plugins/com.st.stm32cube.ide.mcu.externaltools.gnu-tools-for-stm32.12.3.rel1.win32_1.0.100.202403111256/tools/bin/../lib/gcc/arm-none-eabi/12.3.1/../../../../arm-none-eabi/lib/thumb/v6-m/nofp\libc_nano.a(libc_a-init.o)
 .ARM.attributes
                0x000001f8       0x1e D:/STM32 Software/STM32CubeIDE_1.15.0/STM32CubeIDE/plugins/com.st.stm32cube.ide.mcu.externaltools.gnu-tools-for-stm32.12.3.rel1.win32_1.0.100.202403111256/tools/bin/../lib/gcc/arm-none-eabi/12.3.1/thumb/v6-m/nofp\libgcc.a(_udivsi3.o)
 .ARM.attributes
                0x00000216       0x1e D:/STM32 Software/STM32CubeIDE_1.15.0/STM32CubeIDE/plugins/com.st.stm32cube.ide.mcu.externaltools.gnu-tools-for-stm32.12.3.rel1.win32_1.0.100.202403111256/tools/bin/../lib/gcc/arm-none-eabi/12.3.1/thumb/v6-m/nofp\libgcc.a(_dvmd_tls.o)
 .ARM.attributes
                0x00000234       0x2c D:/STM32 Software/STM32CubeIDE_1.15.0/STM32CubeIDE/plugins/com.st.stm32cube.ide.mcu.externaltools.gnu-tools-for-stm32.12.3.rel1.win32_1.0.100.202403111256/tools/bin/../lib/gcc/arm-none-eabi/12.3.1/thumb/v6-m/nofp\libgcc.a(_floatdisf.o)
 .ARM.attributes
                0x00000260       0x2c D:/STM32 Software/STM32CubeIDE_1.15.0/STM32CubeIDE/plugins/com.st.stm32cube.ide.mcu.externaltools.gnu-tools-for-stm32.12.3.rel1.win32_1.0.100.202403111256/tools/bin/../lib/gcc/arm-none-eabi/12.3.1/thumb/v6-m/nofp\libgcc.a(divsf3.o)
 .ARM.attributes
                0x0000028c       0x2c D:/STM32 Software/STM32CubeIDE_1.15.0/STM32CubeIDE/plugins/com.st.stm32cube.ide.mcu.externaltools.gnu-tools-for-stm32.12.3.rel1.win32_1.0.100.202403111256/tools/bin/../lib/gcc/arm-none-eabi/12.3.1/thumb/v6-m/nofp\libgcc.a(mulsf3.o)
 .ARM.attributes
                0x000002b8       0x2c D:/STM32 Software/STM32CubeIDE_1.15.0/STM32CubeIDE/plugins/com.st.stm32cube.ide.mcu.externaltools.gnu-tools-for-stm32.12.3.rel1.win32_1.0.100.202403111256/tools/bin/../lib/gcc/arm-none-eabi/12.3.1/thumb/v6-m/nofp\libgcc.a(adddf3.o)
 .ARM.attributes
                0x000002e4       0x2c D:/STM32 Software/STM32CubeIDE_1.15.0/STM32CubeIDE/plugins/com.st.stm32cube.ide.mcu.externaltools.gnu-tools-for-stm32.12.3.rel1.win32_1.0.100.202403111256/tools/bin/../lib/gcc/arm-none-eabi/12.3.1/thumb/v6-m/nofp\libgcc.a(muldf3.o)
 .ARM.attributes
                0x00000310       0x2c D:/STM32 Software/STM32CubeIDE_1.15.0/STM32CubeIDE/plugins/com.st.stm32cube.ide.mcu.externaltools.gnu-tools-for-stm32.12.3.rel1.win32_1.0.100.202403111256/tools/bin/../lib/gcc/arm-none-eabi/12.3.1/thumb/v6-m/nofp\libgcc.a(floatsidf.o)
 .ARM.attributes
                0x0000033c       0x2c D:/STM32 Software/STM32CubeIDE_1.15.0/STM32CubeIDE/plugins/com.st.stm32cube.ide.mcu.externaltools.gnu-tools-for-stm32.12.3.rel1.win32_1.0.100.202403111256/tools/bin/../lib/gcc/arm-none-eabi/12.3.1/thumb/v6-m/nofp\libgcc.a(floatunsidf.o)
 .ARM.attributes
                0x00000368       0x2c D:/STM32 Software/STM32CubeIDE_1.15.0/STM32CubeIDE/plugins/com.st.stm32cube.ide.mcu.externaltools.gnu-tools-for-stm32.12.3.rel1.win32_1.0.100.202403111256/tools/bin/../lib/gcc/arm-none-eabi/12.3.1/thumb/v6-m/nofp\libgcc.a(truncdfsf2.o)
 .ARM.attributes
                0x00000394       0x1e D:/STM32 Software/STM32CubeIDE_1.15.0/STM32CubeIDE/plugins/com.st.stm32cube.ide.mcu.externaltools.gnu-tools-for-stm32.12.3.rel1.win32_1.0.100.202403111256/tools/bin/../lib/gcc/arm-none-eabi/12.3.1/thumb/v6-m/nofp\libgcc.a(_clzsi2.o)
 .ARM.attributes
                0x000003b2       0x1e D:/STM32 Software/STM32CubeIDE_1.15.0/STM32CubeIDE/plugins/com.st.stm32cube.ide.mcu.externaltools.gnu-tools-for-stm32.12.3.rel1.win32_1.0.100.202403111256/tools/bin/../lib/gcc/arm-none-eabi/12.3.1/thumb/v6-m/nofp/crtn.o
OUTPUT(DWM_TWR.elf elf32-littlearm)
LOAD linker stubs
LOAD D:/STM32 Software/STM32CubeIDE_1.15.0/STM32CubeIDE/plugins/com.st.stm32cube.ide.mcu.externaltools.gnu-tools-for-stm32.12.3.rel1.win32_1.0.100.202403111256/tools/bin/../lib/gcc/arm-none-eabi/12.3.1/../../../../arm-none-eabi/lib/thumb/v6-m/nofp\libc.a
LOAD D:/STM32 Software/STM32CubeIDE_1.15.0/STM32CubeIDE/plugins/com.st.stm32cube.ide.mcu.externaltools.gnu-tools-for-stm32.12.3.rel1.win32_1.0.100.202403111256/tools/bin/../lib/gcc/arm-none-eabi/12.3.1/../../../../arm-none-eabi/lib/thumb/v6-m/nofp\libm.a
LOAD D:/STM32 Software/STM32CubeIDE_1.15.0/STM32CubeIDE/plugins/com.st.stm32cube.ide.mcu.externaltools.gnu-tools-for-stm32.12.3.rel1.win32_1.0.100.202403111256/tools/bin/../lib/gcc/arm-none-eabi/12.3.1/thumb/v6-m/nofp\libgcc.a

.debug_info     0x00000000     0x2f17
 .debug_info    0x00000000      0xb10 ./Core/Src/dw1000.o
 .debug_info    0x00000b10      0xe15 ./Core/Src/main.o
 .debug_info    0x00001925      0x105 ./Core/Src/stm32l0xx_it.o
 .debug_info    0x00001a2a      0x2c9 ./Core/Src/system_stm32l0xx.o
 .debug_info    0x00001cf3       0x30 ./Core/Startup/startup_stm32l041g6uxs.o
 .debug_info    0x00001d23      0x566 ./Drivers/STM32L0xx_HAL_Driver/Src/stm32l0xx_ll_gpio.o
 .debug_info    0x00002289      0x424 ./Drivers/STM32L0xx_HAL_Driver/Src/stm32l0xx_ll_spi.o
 .debug_info    0x000026ad      0x86a ./Drivers/STM32L0xx_HAL_Driver/Src/stm32l0xx_ll_utils.o

.debug_abbrev   0x00000000      0xcb2
 .debug_abbrev  0x00000000      0x270 ./Core/Src/dw1000.o
 .debug_abbrev  0x00000270      0x2f7 ./Core/Src/main.o
 .debug_abbrev  0x00000567       0x80 ./Core/Src/stm32l0xx_it.o
 .debug_abbrev  0x000005e7      0x11c ./Core/Src/system_stm32l0xx.o
 .debug_abbrev  0x00000703       0x24 ./Core/Startup/startup_stm32l041g6uxs.o
 .debug_abbrev  0x00000727      0x1a6 ./Drivers/STM32L0xx_HAL_Driver/Src/stm32l0xx_ll_gpio.o
 .debug_abbrev  0x000008cd      0x18d ./Drivers/STM32L0xx_HAL_Driver/Src/stm32l0xx_ll_spi.o
 .debug_abbrev  0x00000a5a      0x258 ./Drivers/STM32L0xx_HAL_Driver/Src/stm32l0xx_ll_utils.o

.debug_aranges  0x00000000      0x430
 .debug_aranges
                0x00000000       0xc0 ./Core/Src/dw1000.o
 .debug_aranges
                0x000000c0      0x130 ./Core/Src/main.o
 .debug_aranges
                0x000001f0       0x40 ./Core/Src/stm32l0xx_it.o
 .debug_aranges
                0x00000230       0x28 ./Core/Src/system_stm32l0xx.o
 .debug_aranges
                0x00000258       0x28 ./Core/Startup/startup_stm32l041g6uxs.o
 .debug_aranges
                0x00000280       0x70 ./Drivers/STM32L0xx_HAL_Driver/Src/stm32l0xx_ll_gpio.o
 .debug_aranges
                0x000002f0       0x50 ./Drivers/STM32L0xx_HAL_Driver/Src/stm32l0xx_ll_spi.o
 .debug_aranges
                0x00000340       0xf0 ./Drivers/STM32L0xx_HAL_Driver/Src/stm32l0xx_ll_utils.o

.debug_rnglists
                0x00000000      0x312
 .debug_rnglists
                0x00000000       0x95 ./Core/Src/dw1000.o
 .debug_rnglists
                0x00000095       0xe3 ./Core/Src/main.o
 .debug_rnglists
                0x00000178       0x2b ./Core/Src/stm32l0xx_it.o
 .debug_rnglists
                0x000001a3       0x1a ./Core/Src/system_stm32l0xx.o
 .debug_rnglists
                0x000001bd       0x19 ./Core/Startup/startup_stm32l041g6uxs.o
 .debug_rnglists
                0x000001d6       0x51 ./Drivers/STM32L0xx_HAL_Driver/Src/stm32l0xx_ll_gpio.o
 .debug_rnglists
                0x00000227       0x38 ./Drivers/STM32L0xx_HAL_Driver/Src/stm32l0xx_ll_spi.o
 .debug_rnglists
                0x0000025f       0xb3 ./Drivers/STM32L0xx_HAL_Driver/Src/stm32l0xx_ll_utils.o

.debug_macro    0x00000000     0xc087
 .debug_macro   0x00000000      0x22f ./Core/Src/dw1000.o
 .debug_macro   0x0000022f      0xacc ./Core/Src/dw1000.o
 .debug_macro   0x00000cfb       0x22 ./Core/Src/dw1000.o
 .debug_macro   0x00000d1d       0x8e ./Core/Src/dw1000.o
 .debug_macro   0x00000dab       0x51 ./Core/Src/dw1000.o
 .debug_macro   0x00000dfc      0x103 ./Core/Src/dw1000.o
 .debug_macro   0x00000eff       0x6a ./Core/Src/dw1000.o
 .debug_macro   0x00000f69      0x1df ./Core/Src/dw1000.o
 .debug_macro   0x00001148       0x22 ./Core/Src/dw1000.o
 .debug_macro   0x0000116a       0x10 ./Core/Src/dw1000.o
 .debug_macro   0x0000117a      0x24c ./Core/Src/dw1000.o
 .debug_macro   0x000013c6       0x2e ./Core/Src/dw1000.o
 .debug_macro   0x000013f4       0x28 ./Core/Src/dw1000.o
 .debug_macro   0x0000141c       0x1c ./Core/Src/dw1000.o
 .debug_macro   0x00001438       0x22 ./Core/Src/dw1000.o
 .debug_macro   0x0000145a       0xaf ./Core/Src/dw1000.o
 .debug_macro   0x00001509      0x3ad ./Core/Src/dw1000.o
 .debug_macro   0x000018b6     0x8398 ./Core/Src/dw1000.o
 .debug_macro   0x00009c4e       0x66 ./Core/Src/dw1000.o
 .debug_macro   0x00009cb4      0x3b4 ./Core/Src/dw1000.o
 .debug_macro   0x0000a068       0xbb ./Core/Src/dw1000.o
 .debug_macro   0x0000a123      0x14b ./Core/Src/dw1000.o
 .debug_macro   0x0000a26e      0x108 ./Core/Src/dw1000.o
 .debug_macro   0x0000a376       0x16 ./Core/Src/dw1000.o
 .debug_macro   0x0000a38c       0x2a ./Core/Src/dw1000.o
 .debug_macro   0x0000a3b6       0xce ./Core/Src/dw1000.o
 .debug_macro   0x0000a484      0x303 ./Core/Src/dw1000.o
 .debug_macro   0x0000a787      0x129 ./Core/Src/dw1000.o
 .debug_macro   0x0000a8b0      0x12d ./Core/Src/dw1000.o
 .debug_macro   0x0000a9dd       0x22 ./Core/Src/dw1000.o
 .debug_macro   0x0000a9ff       0x61 ./Core/Src/dw1000.o
 .debug_macro   0x0000aa60       0x24 ./Core/Src/dw1000.o
 .debug_macro   0x0000aa84       0x43 ./Core/Src/dw1000.o
 .debug_macro   0x0000aac7       0x34 ./Core/Src/dw1000.o
 .debug_macro   0x0000aafb      0x189 ./Core/Src/dw1000.o
 .debug_macro   0x0000ac84       0x16 ./Core/Src/dw1000.o
 .debug_macro   0x0000ac9a       0x43 ./Core/Src/dw1000.o
 .debug_macro   0x0000acdd       0x34 ./Core/Src/dw1000.o
 .debug_macro   0x0000ad11       0x10 ./Core/Src/dw1000.o
 .debug_macro   0x0000ad21       0x58 ./Core/Src/dw1000.o
 .debug_macro   0x0000ad79       0x8e ./Core/Src/dw1000.o
 .debug_macro   0x0000ae07       0x1c ./Core/Src/dw1000.o
 .debug_macro   0x0000ae23      0x177 ./Core/Src/dw1000.o
 .debug_macro   0x0000af9a      0x369 ./Core/Src/dw1000.o
 .debug_macro   0x0000b303       0x10 ./Core/Src/dw1000.o
 .debug_macro   0x0000b313       0x35 ./Core/Src/dw1000.o
 .debug_macro   0x0000b348       0x20 ./Core/Src/dw1000.o
 .debug_macro   0x0000b368      0x222 ./Core/Src/main.o
 .debug_macro   0x0000b58a       0x16 ./Core/Src/main.o
 .debug_macro   0x0000b5a0       0x9e ./Core/Src/main.o
 .debug_macro   0x0000b63e      0x10b ./Core/Src/main.o
 .debug_macro   0x0000b749       0x10 ./Core/Src/main.o
 .debug_macro   0x0000b759       0x16 ./Core/Src/main.o
 .debug_macro   0x0000b76f       0x16 ./Core/Src/main.o
 .debug_macro   0x0000b785      0x146 ./Core/Src/main.o
 .debug_macro   0x0000b8cb      0x137 ./Core/Src/stm32l0xx_it.o
 .debug_macro   0x0000ba02       0xba ./Core/Src/system_stm32l0xx.o
 .debug_macro   0x0000babc       0xfc ./Drivers/STM32L0xx_HAL_Driver/Src/stm32l0xx_ll_gpio.o
 .debug_macro   0x0000bbb8      0x127 ./Drivers/STM32L0xx_HAL_Driver/Src/stm32l0xx_ll_gpio.o
 .debug_macro   0x0000bcdf      0x123 ./Drivers/STM32L0xx_HAL_Driver/Src/stm32l0xx_ll_spi.o
 .debug_macro   0x0000be02      0x123 ./Drivers/STM32L0xx_HAL_Driver/Src/stm32l0xx_ll_spi.o
 .debug_macro   0x0000bf25      0x162 ./Drivers/STM32L0xx_HAL_Driver/Src/stm32l0xx_ll_utils.o

.debug_line     0x00000000     0x4517
 .debug_line    0x00000000      0xf3b ./Core/Src/dw1000.o
 .debug_line    0x00000f3b      0xee2 ./Core/Src/main.o
 .debug_line    0x00001e1d      0x730 ./Core/Src/stm32l0xx_it.o
 .debug_line    0x0000254d      0x655 ./Core/Src/system_stm32l0xx.o
 .debug_line    0x00002ba2       0x7b ./Core/Startup/startup_stm32l041g6uxs.o
 .debug_line    0x00002c1d      0x782 ./Drivers/STM32L0xx_HAL_Driver/Src/stm32l0xx_ll_gpio.o
 .debug_line    0x0000339f      0x6fa ./Drivers/STM32L0xx_HAL_Driver/Src/stm32l0xx_ll_spi.o
 .debug_line    0x00003a99      0xa7e ./Drivers/STM32L0xx_HAL_Driver/Src/stm32l0xx_ll_utils.o

.debug_str      0x00000000    0x3f338
 .debug_str     0x00000000    0x3cbb9 ./Core/Src/dw1000.o
                              0x3ceaf (size before relaxing)
 .debug_str     0x0003cbb9      0xc2f ./Core/Src/main.o
                              0x3cbe4 (size before relaxing)
 .debug_str     0x0003d7e8       0x76 ./Core/Src/stm32l0xx_it.o
                              0x38951 (size before relaxing)
 .debug_str     0x0003d85e       0x89 ./Core/Src/system_stm32l0xx.o
                              0x33634 (size before relaxing)
 .debug_str     0x0003d8e7       0x45 ./Core/Startup/startup_stm32l041g6uxs.o
                                 0x63 (size before relaxing)
 .debug_str     0x0003d92c      0x557 ./Drivers/STM32L0xx_HAL_Driver/Src/stm32l0xx_ll_gpio.o
                              0x3478f (size before relaxing)
 .debug_str     0x0003de83      0x776 ./Drivers/STM32L0xx_HAL_Driver/Src/stm32l0xx_ll_spi.o
                              0x361d1 (size before relaxing)
 .debug_str     0x0003e5f9      0xd3f ./Drivers/STM32L0xx_HAL_Driver/Src/stm32l0xx_ll_utils.o
                              0x36b68 (size before relaxing)

.comment        0x00000000       0x43
 .comment       0x00000000       0x43 ./Core/Src/dw1000.o
                                 0x44 (size before relaxing)
 .comment       0x00000043       0x44 ./Core/Src/main.o
 .comment       0x00000043       0x44 ./Core/Src/stm32l0xx_it.o
 .comment       0x00000043       0x44 ./Core/Src/system_stm32l0xx.o
 .comment       0x00000043       0x44 ./Drivers/STM32L0xx_HAL_Driver/Src/stm32l0xx_ll_gpio.o
 .comment       0x00000043       0x44 ./Drivers/STM32L0xx_HAL_Driver/Src/stm32l0xx_ll_spi.o
 .comment       0x00000043       0x44 ./Drivers/STM32L0xx_HAL_Driver/Src/stm32l0xx_ll_utils.o

.debug_frame    0x00000000      0xfb4
 .debug_frame   0x00000000      0x2d0 ./Core/Src/dw1000.o
 .debug_frame   0x000002d0      0x450 ./Core/Src/main.o
 .debug_frame   0x00000720       0x9c ./Core/Src/stm32l0xx_it.o
 .debug_frame   0x000007bc       0x4c ./Core/Src/system_stm32l0xx.o
 .debug_frame   0x00000808      0x170 ./Drivers/STM32L0xx_HAL_Driver/Src/stm32l0xx_ll_gpio.o
 .debug_frame   0x00000978       0xf0 ./Drivers/STM32L0xx_HAL_Driver/Src/stm32l0xx_ll_spi.o
 .debug_frame   0x00000a68      0x344 ./Drivers/STM32L0xx_HAL_Driver/Src/stm32l0xx_ll_utils.o
 .debug_frame   0x00000dac       0x20 D:/STM32 Software/STM32CubeIDE_1.15.0/STM32CubeIDE/plugins/com.st.stm32cube.ide.mcu.externaltools.gnu-tools-for-stm32.12.3.rel1.win32_1.0.100.202403111256/tools/bin/../lib/gcc/arm-none-eabi/12.3.1/../../../../arm-none-eabi/lib/thumb/v6-m/nofp\libc_nano.a(libc_a-memset.o)
 .debug_frame   0x00000dcc       0x2c D:/STM32 Software/STM32CubeIDE_1.15.0/STM32CubeIDE/plugins/com.st.stm32cube.ide.mcu.externaltools.gnu-tools-for-stm32.12.3.rel1.win32_1.0.100.202403111256/tools/bin/../lib/gcc/arm-none-eabi/12.3.1/../../../../arm-none-eabi/lib/thumb/v6-m/nofp\libc_nano.a(libc_a-init.o)
 .debug_frame   0x00000df8       0x20 D:/STM32 Software/STM32CubeIDE_1.15.0/STM32CubeIDE/plugins/com.st.stm32cube.ide.mcu.externaltools.gnu-tools-for-stm32.12.3.rel1.win32_1.0.100.202403111256/tools/bin/../lib/gcc/arm-none-eabi/12.3.1/thumb/v6-m/nofp\libgcc.a(_udivsi3.o)
 .debug_frame   0x00000e18       0x30 D:/STM32 Software/STM32CubeIDE_1.15.0/STM32CubeIDE/plugins/com.st.stm32cube.ide.mcu.externaltools.gnu-tools-for-stm32.12.3.rel1.win32_1.0.100.202403111256/tools/bin/../lib/gcc/arm-none-eabi/12.3.1/thumb/v6-m/nofp\libgcc.a(_floatdisf.o)
 .debug_frame   0x00000e48       0x38 D:/STM32 Software/STM32CubeIDE_1.15.0/STM32CubeIDE/plugins/com.st.stm32cube.ide.mcu.externaltools.gnu-tools-for-stm32.12.3.rel1.win32_1.0.100.202403111256/tools/bin/../lib/gcc/arm-none-eabi/12.3.1/thumb/v6-m/nofp\libgcc.a(divsf3.o)
 .debug_frame   0x00000e80       0x38 D:/STM32 Software/STM32CubeIDE_1.15.0/STM32CubeIDE/plugins/com.st.stm32cube.ide.mcu.externaltools.gnu-tools-for-stm32.12.3.rel1.win32_1.0.100.202403111256/tools/bin/../lib/gcc/arm-none-eabi/12.3.1/thumb/v6-m/nofp\libgcc.a(mulsf3.o)
 .debug_frame   0x00000eb8       0x3c D:/STM32 Software/STM32CubeIDE_1.15.0/STM32CubeIDE/plugins/com.st.stm32cube.ide.mcu.externaltools.gnu-tools-for-stm32.12.3.rel1.win32_1.0.100.202403111256/tools/bin/../lib/gcc/arm-none-eabi/12.3.1/thumb/v6-m/nofp\libgcc.a(adddf3.o)
 .debug_frame   0x00000ef4       0x3c D:/STM32 Software/STM32CubeIDE_1.15.0/STM32CubeIDE/plugins/com.st.stm32cube.ide.mcu.externaltools.gnu-tools-for-stm32.12.3.rel1.win32_1.0.100.202403111256/tools/bin/../lib/gcc/arm-none-eabi/12.3.1/thumb/v6-m/nofp\libgcc.a(muldf3.o)
 .debug_frame   0x00000f30       0x2c D:/STM32 Software/STM32CubeIDE_1.15.0/STM32CubeIDE/plugins/com.st.stm32cube.ide.mcu.externaltools.gnu-tools-for-stm32.12.3.rel1.win32_1.0.100.202403111256/tools/bin/../lib/gcc/arm-none-eabi/12.3.1/thumb/v6-m/nofp\libgcc.a(floatsidf.o)
 .debug_frame   0x00000f5c       0x28 D:/STM32 Software/STM32CubeIDE_1.15.0/STM32CubeIDE/plugins/com.st.stm32cube.ide.mcu.externaltools.gnu-tools-for-stm32.12.3.rel1.win32_1.0.100.202403111256/tools/bin/../lib/gcc/arm-none-eabi/12.3.1/thumb/v6-m/nofp\libgcc.a(floatunsidf.o)
 .debug_frame   0x00000f84       0x30 D:/STM32 Software/STM32CubeIDE_1.15.0/STM32CubeIDE/plugins/com.st.stm32cube.ide.mcu.externaltools.gnu-tools-for-stm32.12.3.rel1.win32_1.0.100.202403111256/tools/bin/../lib/gcc/arm-none-eabi/12.3.1/thumb/v6-m/nofp\libgcc.a(truncdfsf2.o)

.debug_line_str
                0x00000000       0x47
 .debug_line_str
                0x00000000       0x47 ./Core/Startup/startup_stm32l041g6uxs.o
