Archive member included to satisfy reference by file (symbol)

D:/STM32 Software/STM32CubeIDE_1.15.0/STM32CubeIDE/plugins/com.st.stm32cube.ide.mcu.externaltools.gnu-tools-for-stm32.12.3.rel1.win32_1.0.100.202403111256/tools/bin/../lib/gcc/arm-none-eabi/12.3.1/../../../../arm-none-eabi/lib/thumb/v6-m/nofp\libc_nano.a(libc_a-exit.o)
                              D:/STM32 Software/STM32CubeIDE_1.15.0/STM32CubeIDE/plugins/com.st.stm32cube.ide.mcu.externaltools.gnu-tools-for-stm32.12.3.rel1.win32_1.0.100.202403111256/tools/bin/../lib/gcc/arm-none-eabi/12.3.1/../../../../arm-none-eabi/lib/thumb/v6-m/nofp/crt0.o (exit)
D:/STM32 Software/STM32CubeIDE_1.15.0/STM32CubeIDE/plugins/com.st.stm32cube.ide.mcu.externaltools.gnu-tools-for-stm32.12.3.rel1.win32_1.0.100.202403111256/tools/bin/../lib/gcc/arm-none-eabi/12.3.1/../../../../arm-none-eabi/lib/thumb/v6-m/nofp\libc_nano.a(libc_a-findfp.o)
                              D:/STM32 Software/STM32CubeIDE_1.15.0/STM32CubeIDE/plugins/com.st.stm32cube.ide.mcu.externaltools.gnu-tools-for-stm32.12.3.rel1.win32_1.0.100.202403111256/tools/bin/../lib/gcc/arm-none-eabi/12.3.1/../../../../arm-none-eabi/lib/thumb/v6-m/nofp\libc_nano.a(libc_a-exit.o) (__stdio_exit_handler)
D:/STM32 Software/STM32CubeIDE_1.15.0/STM32CubeIDE/plugins/com.st.stm32cube.ide.mcu.externaltools.gnu-tools-for-stm32.12.3.rel1.win32_1.0.100.202403111256/tools/bin/../lib/gcc/arm-none-eabi/12.3.1/../../../../arm-none-eabi/lib/thumb/v6-m/nofp\libc_nano.a(libc_a-fwalk.o)
                              D:/STM32 Software/STM32CubeIDE_1.15.0/STM32CubeIDE/plugins/com.st.stm32cube.ide.mcu.externaltools.gnu-tools-for-stm32.12.3.rel1.win32_1.0.100.202403111256/tools/bin/../lib/gcc/arm-none-eabi/12.3.1/../../../../arm-none-eabi/lib/thumb/v6-m/nofp\libc_nano.a(libc_a-findfp.o) (_fwalk_sglue)
D:/STM32 Software/STM32CubeIDE_1.15.0/STM32CubeIDE/plugins/com.st.stm32cube.ide.mcu.externaltools.gnu-tools-for-stm32.12.3.rel1.win32_1.0.100.202403111256/tools/bin/../lib/gcc/arm-none-eabi/12.3.1/../../../../arm-none-eabi/lib/thumb/v6-m/nofp\libc_nano.a(libc_a-stdio.o)
                              D:/STM32 Software/STM32CubeIDE_1.15.0/STM32CubeIDE/plugins/com.st.stm32cube.ide.mcu.externaltools.gnu-tools-for-stm32.12.3.rel1.win32_1.0.100.202403111256/tools/bin/../lib/gcc/arm-none-eabi/12.3.1/../../../../arm-none-eabi/lib/thumb/v6-m/nofp\libc_nano.a(libc_a-findfp.o) (__sread)
D:/STM32 Software/STM32CubeIDE_1.15.0/STM32CubeIDE/plugins/com.st.stm32cube.ide.mcu.externaltools.gnu-tools-for-stm32.12.3.rel1.win32_1.0.100.202403111256/tools/bin/../lib/gcc/arm-none-eabi/12.3.1/../../../../arm-none-eabi/lib/thumb/v6-m/nofp\libc_nano.a(libc_a-memset.o)
                              D:/STM32 Software/STM32CubeIDE_1.15.0/STM32CubeIDE/plugins/com.st.stm32cube.ide.mcu.externaltools.gnu-tools-for-stm32.12.3.rel1.win32_1.0.100.202403111256/tools/bin/../lib/gcc/arm-none-eabi/12.3.1/../../../../arm-none-eabi/lib/thumb/v6-m/nofp/crt0.o (memset)
D:/STM32 Software/STM32CubeIDE_1.15.0/STM32CubeIDE/plugins/com.st.stm32cube.ide.mcu.externaltools.gnu-tools-for-stm32.12.3.rel1.win32_1.0.100.202403111256/tools/bin/../lib/gcc/arm-none-eabi/12.3.1/../../../../arm-none-eabi/lib/thumb/v6-m/nofp\libc_nano.a(libc_a-closer.o)
                              D:/STM32 Software/STM32CubeIDE_1.15.0/STM32CubeIDE/plugins/com.st.stm32cube.ide.mcu.externaltools.gnu-tools-for-stm32.12.3.rel1.win32_1.0.100.202403111256/tools/bin/../lib/gcc/arm-none-eabi/12.3.1/../../../../arm-none-eabi/lib/thumb/v6-m/nofp\libc_nano.a(libc_a-stdio.o) (_close_r)
D:/STM32 Software/STM32CubeIDE_1.15.0/STM32CubeIDE/plugins/com.st.stm32cube.ide.mcu.externaltools.gnu-tools-for-stm32.12.3.rel1.win32_1.0.100.202403111256/tools/bin/../lib/gcc/arm-none-eabi/12.3.1/../../../../arm-none-eabi/lib/thumb/v6-m/nofp\libc_nano.a(libc_a-reent.o)
                              D:/STM32 Software/STM32CubeIDE_1.15.0/STM32CubeIDE/plugins/com.st.stm32cube.ide.mcu.externaltools.gnu-tools-for-stm32.12.3.rel1.win32_1.0.100.202403111256/tools/bin/../lib/gcc/arm-none-eabi/12.3.1/../../../../arm-none-eabi/lib/thumb/v6-m/nofp\libc_nano.a(libc_a-closer.o) (errno)
D:/STM32 Software/STM32CubeIDE_1.15.0/STM32CubeIDE/plugins/com.st.stm32cube.ide.mcu.externaltools.gnu-tools-for-stm32.12.3.rel1.win32_1.0.100.202403111256/tools/bin/../lib/gcc/arm-none-eabi/12.3.1/../../../../arm-none-eabi/lib/thumb/v6-m/nofp\libc_nano.a(libc_a-impure.o)
                              D:/STM32 Software/STM32CubeIDE_1.15.0/STM32CubeIDE/plugins/com.st.stm32cube.ide.mcu.externaltools.gnu-tools-for-stm32.12.3.rel1.win32_1.0.100.202403111256/tools/bin/../lib/gcc/arm-none-eabi/12.3.1/../../../../arm-none-eabi/lib/thumb/v6-m/nofp\libc_nano.a(libc_a-reent.o) (_impure_ptr)
D:/STM32 Software/STM32CubeIDE_1.15.0/STM32CubeIDE/plugins/com.st.stm32cube.ide.mcu.externaltools.gnu-tools-for-stm32.12.3.rel1.win32_1.0.100.202403111256/tools/bin/../lib/gcc/arm-none-eabi/12.3.1/../../../../arm-none-eabi/lib/thumb/v6-m/nofp\libc_nano.a(libc_a-lseekr.o)
[...]
Memory Configuration

Name             Origin             Length             Attributes
RAM              0x20000000         0x00002000         xrw
FLASH            0x08000000         0x00008000         xr
*default*        0x00000000         0xffffffff

Linker script and memory map

LOAD D:/STM32 Software/STM32CubeIDE_1.15.0/STM32CubeIDE/plugins/com.st.stm32cube.ide.mcu.externaltools.gnu-tools-for-stm32.12.3.rel1.win32_1.0.100.202403111256/tools/bin/../lib/gcc/arm-none-eabi/12.3.1/thumb/v6-m/nofp/crti.o
LOAD D:/STM32 Software/STM32CubeIDE_1.15.0/STM32CubeIDE/plugins/com.st.stm32cube.ide.mcu.externaltools.gnu-tools-for-stm32.12.3.rel1.win32_1.0.100.202403111256/tools/bin/../lib/gcc/arm-none-eabi/12.3.1/thumb/v6-m/nofp/crtbegin.o
LOAD D:/STM32 Software/STM32CubeIDE_1.15.0/STM32CubeIDE/plugins/com.st.stm32cube.ide.mcu.externaltools.gnu-tools-for-stm32.12.3.rel1.win32_1.0.100.202403111256/tools/bin/../lib/gcc/arm-none-eabi/12.3.1/../../../../arm-none-eabi/lib/thumb/v6-m/nofp/crt0.o
LOAD ./Core/Src/dw1000.o
LOAD ./Core/Src/main.o
LOAD ./Core/Src/stm32l0xx_it.o
LOAD ./Core/Src/syscalls.o
LOAD ./Core/Src/sysmem.o
LOAD ./Core/Src/system_stm32l0xx.o
LOAD ./Core/Startup/startup_stm32l041g6uxs.o
LOAD ./Drivers/STM32L0xx_HAL_Driver/Src/stm32l0xx_ll_dma.o
LOAD ./Drivers/STM32L0xx_HAL_Driver/Src/stm32l0xx_ll_exti.o
LOAD ./Drivers/STM32L0xx_HAL_Driver/Src/stm32l0xx_ll_gpio.o
LOAD ./Drivers/STM32L0xx_HAL_Driver/Src/stm32l0xx_ll_pwr.o
LOAD ./Drivers/STM32L0xx_HAL_Driver/Src/stm32l0xx_ll_rcc.o
LOAD ./Drivers/STM32L0xx_HAL_Driver/Src/stm32l0xx_ll_spi.o
LOAD ./Drivers/STM32L0xx_HAL_Driver/Src/stm32l0xx_ll_usart.o
LOAD ./Drivers/STM32L0xx_HAL_Driver/Src/stm32l0xx_ll_utils.o
START GROUP
LOAD D:/STM32 Software/STM32CubeIDE_1.15.0/STM32CubeIDE/plugins/com.st.stm32cube.ide.mcu.externaltools.gnu-tools-for-stm32.12.3.rel1.win32_1.0.100.202403111256/tools/bin/../lib/gcc/arm-none-eabi/12.3.1/../../../../arm-none-eabi/lib/thumb/v6-m/nofp\libc_nano.a
LOAD D:/STM32 Software/STM32CubeIDE_1.15.0/STM32CubeIDE/plugins/com.st.stm32cube.ide.mcu.externaltools.gnu-tools-for-stm32.12.3.rel1.win32_1.0.100.202403111256/tools/bin/../lib/gcc/arm-none-eabi/12.3.1/../../../../arm-none-eabi/lib/thumb/v6-m/nofp\libm.a
END GROUP
START GROUP
LOAD D:/STM32 Software/STM32CubeIDE_1.15.0/STM32CubeIDE/plugins/com.st.stm32cube.ide.mcu.externaltools.gnu-tools-for-stm32.12.3.rel1.win32_1.0.100.202403111256/tools/bin/../lib/gcc/arm-none-eabi/12.3.1/thumb/v6-m/nofp\libgcc.a
LOAD D:/STM32 Software/STM32CubeIDE_1.15.0/STM32CubeIDE/plugins/com.st.stm32cube.ide.mcu.externaltools.gnu-tools-for-stm32.12.3.rel1.win32_1.0.100.202403111256/tools/bin/../lib/gcc/arm-none-eabi/12.3.1/../../../../arm-none-eabi/lib/thumb/v6-m/nofp\libc_nano.a
END GROUP
START GROUP
LOAD D:/STM32 Software/STM32CubeIDE_1.15.0/STM32CubeIDE/plugins/com.st.stm32cube.ide.mcu.externaltools.gnu-tools-for-stm32.12.3.rel1.win32_1.0.100.202403111256/tools/bin/../lib/gcc/arm-none-eabi/12.3.1/thumb/v6-m/nofp\libgcc.a
LOAD D:/STM32 Software/STM32CubeIDE_1.15.0/STM32CubeIDE/plugins/com.st.stm32cube.ide.mcu.externaltools.gnu-tools-for-stm32.12.3.rel1.win32_1.0.100.202403111256/tools/bin/../lib/gcc/arm-none-eabi/12.3.1/../../../../arm-none-eabi/lib/thumb/v6-m/nofp\libc_nano.a
LOAD D:/STM32 Software/STM32CubeIDE_1.15.0/STM32CubeIDE/plugins/com.st.stm32cube.ide.mcu.externaltools.gnu-tools-for-stm32.12.3.rel1.win32_1.0.100.202403111256/tools/bin/../lib/gcc/arm-none-eabi/12.3.1/../../../../arm-none-eabi/lib/thumb/v6-m/nofp\libnosys.a
END GROUP
START GROUP
LOAD D:/STM32 Software/STM32CubeIDE_1.15.0/STM32CubeIDE/plugins/com.st.stm32cube.ide.mcu.externaltools.gnu-tools-for-stm32.12.3.rel1.win32_1.0.100.202403111256/tools/bin/../lib/gcc/arm-none-eabi/12.3.1/thumb/v6-m/nofp\libgcc.a
LOAD D:/STM32 Software/STM32CubeIDE_1.15.0/STM32CubeIDE/plugins/com.st.stm32cube.ide.mcu.externaltools.gnu-tools-for-stm32.12.3.rel1.win32_1.0.100.202403111256/tools/bin/../lib/gcc/arm-none-eabi/12.3.1/../../../../arm-none-eabi/lib/thumb/v6-m/nofp\libc_nano.a
LOAD D:/STM32 Software/STM32CubeIDE_1.15.0/STM32CubeIDE/plugins/com.st.stm32cube.ide.mcu.externaltools.gnu-tools-for-stm32.12.3.rel1.win32_1.0.100.202403111256/tools/bin/../lib/gcc/arm-none-eabi/12.3.1/../../../../arm-none-eabi/lib/thumb/v6-m/nofp\libnosys.a
END GROUP
LOAD D:/STM32 Software/STM32CubeIDE_1.15.0/STM32CubeIDE/plugins/com.st.stm32cube.ide.mcu.externaltools.gnu-tools-for-stm32.12.3.rel1.win32_1.0.100.202403111256/tools/bin/../lib/gcc/arm-none-eabi/12.3.1/thumb/v6-m/nofp/crtend.o
LOAD D:/STM32 Software/STM32CubeIDE_1.15.0/STM32CubeIDE/plugins/com.st.stm32cube.ide.mcu.externaltools.gnu-tools-for-stm32.12.3.rel1.win32_1.0.100.202403111256/tools/bin/../lib/gcc/arm-none-eabi/12.3.1/thumb/v6-m/nofp/crtn.o
                0x20002000                        _estack = (ORIGIN (RAM) + LENGTH (RAM))
                0x00000200                        _Min_Heap_Size = 0x200
                0x00000400                        _Min_Stack_Size = 0x400

.isr_vector     0x08000000       0xc0
                0x08000000                        . = ALIGN (0x4)
 *(.isr_vector)
 .isr_vector    0x08000000       0xc0 ./Core/Startup/startup_stm32l041g6uxs.o
                0x08000000                g_pfnVectors
                0x080000c0                        . = ALIGN (0x4)

.text           0x080000c0     0x3538
                0x080000c0                        . = ALIGN (0x4)
 *(.text)
 .text          0x080000c0       0x48 D:/STM32 Software/STM32CubeIDE_1.15.0/STM32CubeIDE/plugins/com.st.stm32cube.ide.mcu.externaltools.gnu-tools-for-stm32.12.3.rel1.win32_1.0.100.202403111256/tools/bin/../lib/gcc/arm-none-eabi/12.3.1/thumb/v6-m/nofp/crtbegin.o
 .text          0x08000108      0x114 D:/STM32 Software/STM32CubeIDE_1.15.0/STM32CubeIDE/plugins/com.st.stm32cube.ide.mcu.externaltools.gnu-tools-for-stm32.12.3.rel1.win32_1.0.100.202403111256/tools/bin/../lib/gcc/arm-none-eabi/12.3.1/thumb/v6-m/nofp\libgcc.a(_udivsi3.o)
                0x08000108                __aeabi_uidiv
                0x08000108                __udivsi3
                0x08000214                __aeabi_uidivmod
 .text          0x0800021c        0x4 D:/STM32 Software/STM32CubeIDE_1.15.0/STM32CubeIDE/plugins/com.st.stm32cube.ide.mcu.externaltools.gnu-tools-for-stm32.12.3.rel1.win32_1.0.100.202403111256/tools/bin/../lib/gcc/arm-none-eabi/12.3.1/thumb/v6-m/nofp\libgcc.a(_dvmd_tls.o)
                0x0800021c                __aeabi_idiv0
                0x0800021c                __aeabi_ldiv0
 .text          0x08000220       0x68 D:/STM32 Software/STM32CubeIDE_1.15.0/STM32CubeIDE/plugins/com.st.stm32cube.ide.mcu.externaltools.gnu-tools-for-stm32.12.3.rel1.win32_1.0.100.202403111256/tools/bin/../lib/gcc/arm-none-eabi/12.3.1/thumb/v6-m/nofp\libgcc.a(_floatdisf.o)
                0x08000220                __aeabi_l2f
                0x08000220                __floatdisf
 .text          0x08000288      0x240 D:/STM32 Software/STM32CubeIDE_1.15.0/STM32CubeIDE/plugins/com.st.stm32cube.ide.mcu.externaltools.gnu-tools-for-stm32.12.3.rel1.win32_1.0.100.202403111256/tools/bin/../lib/gcc/arm-none-eabi/12.3.1/thumb/v6-m/nofp\libgcc.a(divsf3.o)
                0x08000288                __aeabi_fdiv
 .text          0x080004c8      0x27c D:/STM32 Software/STM32CubeIDE_1.15.0/STM32CubeIDE/plugins/com.st.stm32cube.ide.mcu.externaltools.gnu-tools-for-stm32.12.3.rel1.win32_1.0.100.202403111256/tools/bin/../lib/gcc/arm-none-eabi/12.3.1/thumb/v6-m/nofp\libgcc.a(mulsf3.o)
                0x080004c8                __aeabi_fmul
 .text          0x08000744      0x6c8 D:/STM32 Software/STM32CubeIDE_1.15.0/STM32CubeIDE/plugins/com.st.stm32cube.ide.mcu.externaltools.gnu-tools-for-stm32.12.3.rel1.win32_1.0.100.202403111256/tools/bin/../lib/gcc/arm-none-eabi/12.3.1/thumb/v6-m/nofp\libgcc.a(adddf3.o)
                0x08000744                __aeabi_dadd
 .text          0x08000e0c      0x590 D:/STM32 Software/STM32CubeIDE_1.15.0/STM32CubeIDE/plugins/com.st.stm32cube.ide.mcu.externaltools.gnu-tools-for-stm32.12.3.rel1.win32_1.0.100.202403111256/tools/bin/../lib/gcc/arm-none-eabi/12.3.1/thumb/v6-m/nofp\libgcc.a(muldf3.o)
                0x08000e0c                __aeabi_dmul
 .text          0x0800139c       0x5c D:/STM32 Software/STM32CubeIDE_1.15.0/STM32CubeIDE/plugins/com.st.stm32cube.ide.mcu.externaltools.gnu-tools-for-stm32.12.3.rel1.win32_1.0.100.202403111256/tools/bin/../lib/gcc/arm-none-eabi/12.3.1/thumb/v6-m/nofp\libgcc.a(floatsidf.o)
                0x0800139c                __aeabi_i2d
 .text          0x080013f8       0x48 D:/STM32 Software/STM32CubeIDE_1.15.0/STM32CubeIDE/plugins/com.st.stm32cube.ide.mcu.externaltools.gnu-tools-for-stm32.12.3.rel1.win32_1.0.100.202403111256/tools/bin/../lib/gcc/arm-none-eabi/12.3.1/thumb/v6-m/nofp\libgcc.a(floatunsidf.o)
                0x080013f8                __aeabi_ui2d
 .text          0x08001440      0x108 D:/STM32 Software/STM32CubeIDE_1.15.0/STM32CubeIDE/plugins/com.st.stm32cube.ide.mcu.externaltools.gnu-tools-for-stm32.12.3.rel1.win32_1.0.100.202403111256/tools/bin/../lib/gcc/arm-none-eabi/12.3.1/thumb/v6-m/nofp\libgcc.a(truncdfsf2.o)
                0x08001440                __aeabi_d2f
 .text          0x08001548       0x3c D:/STM32 Software/STM32CubeIDE_1.15.0/STM32CubeIDE/plugins/com.st.stm32cube.ide.mcu.externaltools.gnu-tools-for-stm32.12.3.rel1.win32_1.0.100.202403111256/tools/bin/../lib/gcc/arm-none-eabi/12.3.1/thumb/v6-m/nofp\libgcc.a(_clzsi2.o)
                0x08001548                __clzsi2
 *(.text*)
 .text.dw_write_reg
                0x08001584       0x72 ./Core/Src/dw1000.o
                0x08001584                dw_write_reg
 .text.dw_read_reg
                0x080015f6       0x6c ./Core/Src/dw1000.o
                0x080015f6                dw_read_reg
 .text.dw_write_subreg
                0x08001662       0xd0 ./Core/Src/dw1000.o
                0x08001662                dw_write_subreg
 .text.dw_read_subreg
                0x08001732       0xda ./Core/Src/dw1000.o
                0x08001732                dw_read_subreg
 .text.dw_read_reg32
                0x0800180c       0x44 ./Core/Src/dw1000.o
                0x0800180c                dw_read_reg32
 .text.dw_write_reg32
                0x08001850       0x4c ./Core/Src/dw1000.o
                0x08001850                dw_write_reg32
 .text.dw_write_subreg16
                0x0800189c       0x50 ./Core/Src/dw1000.o
                0x0800189c                dw_write_subreg16
 .text.dw_write_subreg32
                0x080018ec       0x54 ./Core/Src/dw1000.o
                0x080018ec                dw_write_subreg32
 .text.dw_reset
                0x08001940       0x58 ./Core/Src/dw1000.o
                0x08001940                dw_reset
 .text.dw_init  0x08001998      0x178 ./Core/Src/dw1000.o
                0x08001998                dw_init
 .text.dw_set_tx_antenna_delay
                0x08001b10       0x2a ./Core/Src/dw1000.o
                0x08001b10                dw_set_tx_antenna_delay
 *fill*         0x08001b3a        0x2 
 .text.dw_set_rx_antenna_delay
                0x08001b3c       0x28 ./Core/Src/dw1000.o
                0x08001b3c                dw_set_rx_antenna_delay
 .text.dw_send_frame
                0x08001b64       0x6a ./Core/Src/dw1000.o
                0x08001b64                dw_send_frame
 *fill*         0x08001bce        0x2 
 .text.dw_receive_frame
                0x08001bd0      0x148 ./Core/Src/dw1000.o
                0x08001bd0                dw_receive_frame
 .text.dw_read_tx_timestamp
                0x08001d18       0xe8 ./Core/Src/dw1000.o
                0x08001d18                dw_read_tx_timestamp
 .text.dw_read_rx_timestamp
                0x08001e00       0xe8 ./Core/Src/dw1000.o
                0x08001e00                dw_read_rx_timestamp
 .text.unpack_ts
                0x08001ee8       0xd0 ./Core/Src/dw1000.o
 .text.dw_twr_initiator_range
                0x08001fb8      0x2e4 ./Core/Src/dw1000.o
                0x08001fb8                dw_twr_initiator_range
 .text.__NVIC_SetPriority
                0x0800229c       0xdc ./Core/Src/main.o
 .text.LL_RCC_MSI_Enable
                0x08002378       0x1c ./Core/Src/main.o
 .text.LL_RCC_MSI_IsReady
                0x08002394       0x28 ./Core/Src/main.o
 .text.LL_RCC_MSI_SetRange
                0x080023bc       0x2c ./Core/Src/main.o
 .text.LL_RCC_MSI_SetCalibTrimming
                0x080023e8       0x28 ./Core/Src/main.o
 .text.LL_RCC_SetSysClkSource
                0x08002410       0x28 ./Core/Src/main.o
 .text.LL_RCC_GetSysClkSource
                0x08002438       0x18 ./Core/Src/main.o
 .text.LL_RCC_SetAHBPrescaler
                0x08002450       0x28 ./Core/Src/main.o
 .text.LL_RCC_SetAPB1Prescaler
                0x08002478       0x2c ./Core/Src/main.o
 .text.LL_RCC_SetAPB2Prescaler
                0x080024a4       0x2c ./Core/Src/main.o
 .text.LL_APB1_GRP1_EnableClock
                0x080024d0       0x2c ./Core/Src/main.o
 .text.LL_APB2_GRP1_EnableClock
                0x080024fc       0x2c ./Core/Src/main.o
 .text.LL_IOP_GRP1_EnableClock
                0x08002528       0x2c ./Core/Src/main.o
 .text.LL_FLASH_SetLatency
                0x08002554       0x28 ./Core/Src/main.o
 .text.LL_FLASH_GetLatency
                0x0800257c       0x18 ./Core/Src/main.o
 .text.LL_PWR_SetRegulVoltageScaling
                0x08002594       0x2c ./Core/Src/main.o
 .text.LL_PWR_IsActiveFlag_VOS
                0x080025c0       0x20 ./Core/Src/main.o
 .text.LL_SPI_Enable
                0x080025e0       0x1c ./Core/Src/main.o
 .text.LL_SPI_SetStandard
                0x080025fc       0x24 ./Core/Src/main.o
 .text.LL_SPI_IsActiveFlag_RXNE
                0x08002620       0x22 ./Core/Src/main.o
 .text.LL_SPI_IsActiveFlag_TXE
                0x08002642       0x22 ./Core/Src/main.o
 .text.LL_SPI_IsActiveFlag_BSY
                0x08002664       0x22 ./Core/Src/main.o
 .text.LL_SPI_ReceiveData8
                0x08002686       0x18 ./Core/Src/main.o
 .text.LL_SPI_TransmitData8
                0x0800269e       0x24 ./Core/Src/main.o
 .text.LL_USART_Enable
                0x080026c2       0x1c ./Core/Src/main.o
 *fill*         0x080026de        0x2 
 .text.LL_USART_ConfigAsyncMode
                0x080026e0       0x30 ./Core/Src/main.o
 .text.LL_USART_IsActiveFlag_TXE
                0x08002710       0x22 ./Core/Src/main.o
 .text.LL_USART_TransmitData8
                0x08002732       0x1e ./Core/Src/main.o
 .text.LL_GPIO_SetOutputPin
                0x08002750       0x18 ./Core/Src/main.o
 .text.LL_GPIO_ResetOutputPin
                0x08002768       0x18 ./Core/Src/main.o
 .text.spi_txrx
                0x08002780       0x70 ./Core/Src/main.o
                0x08002780                spi_txrx
 .text.DW1000_CS_LOW
                0x080027f0       0x18 ./Core/Src/main.o
                0x080027f0                DW1000_CS_LOW
 .text.DW1000_CS_HIGH
                0x08002808       0x18 ./Core/Src/main.o
                0x08002808                DW1000_CS_HIGH
 .text.UART_SendChar
                0x08002820       0x34 ./Core/Src/main.o
                0x08002820                UART_SendChar
 .text.UART_SendString
                0x08002854       0x2a ./Core/Src/main.o
                0x08002854                UART_SendString
 *fill*         0x0800287e        0x2 
 .text.main     0x08002880       0xe0 ./Core/Src/main.o
                0x08002880                main
 .text.SystemClock_Config
                0x08002960       0x84 ./Core/Src/main.o
                0x08002960                SystemClock_Config
 .text.MX_SPI1_Init
                0x080029e4      0x138 ./Core/Src/main.o
 .text.MX_USART2_UART_Init
                0x08002b1c       0xf0 ./Core/Src/main.o
 .text.MX_GPIO_Init
                0x08002c0c       0x5c ./Core/Src/main.o
 .text.NMI_Handler
                0x08002c68        0x8 ./Core/Src/stm32l0xx_it.o
                0x08002c68                NMI_Handler
 .text.HardFault_Handler
                0x08002c70        0x8 ./Core/Src/stm32l0xx_it.o
                0x08002c70                HardFault_Handler
 .text.SVC_Handler
                0x08002c78        0xa ./Core/Src/stm32l0xx_it.o
                0x08002c78                SVC_Handler
 .text.PendSV_Handler
                0x08002c82        0xa ./Core/Src/stm32l0xx_it.o
                0x08002c82                PendSV_Handler
 .text.SysTick_Handler
                0x08002c8c        0xa ./Core/Src/stm32l0xx_it.o
                0x08002c8c                SysTick_Handler
 .text.SystemInit
                0x08002c96        0xa ./Core/Src/system_stm32l0xx.o
                0x08002c96                SystemInit
 .text.Reset_Handler
                0x08002ca0       0x50 ./Core/Startup/startup_stm32l041g6uxs.o
                0x08002ca0                Reset_Handler
 .text.Default_Handler
                0x08002cf0        0x2 ./Core/Startup/startup_stm32l041g6uxs.o
                0x08002cf0                ADC1_COMP_IRQHandler
                0x08002cf0                PVD_IRQHandler
                0x08002cf0                I2C1_IRQHandler
                0x08002cf0                SPI1_IRQHandler
                0x08002cf0                EXTI2_3_IRQHandler
                0x08002cf0                AES_LPUART1_IRQHandler
                0x08002cf0                RTC_IRQHandler
                0x08002cf0                DMA1_Channel4_5_6_7_IRQHandler
                0x08002cf0                EXTI4_15_IRQHandler
                0x08002cf0                RCC_IRQHandler
                0x08002cf0                DMA1_Channel1_IRQHandler
                0x08002cf0                Default_Handler
                0x08002cf0                TIM22_IRQHandler
                0x08002cf0                EXTI0_1_IRQHandler
                0x08002cf0                TIM21_IRQHandler
                0x08002cf0                WWDG_IRQHandler
                0x08002cf0                TIM2_IRQHandler
                0x08002cf0                DMA1_Channel2_3_IRQHandler
                0x08002cf0                USART2_IRQHandler
                0x08002cf0                FLASH_IRQHandler
                0x08002cf0                LPTIM1_IRQHandler
 .text.LL_GPIO_SetPinMode
                0x08002cf2       0x38 ./Drivers/STM32L0xx_HAL_Driver/Src/stm32l0xx_ll_gpio.o
 .text.LL_GPIO_SetPinOutputType
                0x08002d2a       0x2a ./Drivers/STM32L0xx_HAL_Driver/Src/stm32l0xx_ll_gpio.o
 .text.LL_GPIO_SetPinSpeed
                0x08002d54       0x38 ./Drivers/STM32L0xx_HAL_Driver/Src/stm32l0xx_ll_gpio.o
 .text.LL_GPIO_SetPinPull
                0x08002d8c       0x38 ./Drivers/STM32L0xx_HAL_Driver/Src/stm32l0xx_ll_gpio.o
 .text.LL_GPIO_SetAFPin_0_7
                0x08002dc4       0x46 ./Drivers/STM32L0xx_HAL_Driver/Src/stm32l0xx_ll_gpio.o
 .text.LL_GPIO_SetAFPin_8_15
                0x08002e0a       0x5a ./Drivers/STM32L0xx_HAL_Driver/Src/stm32l0xx_ll_gpio.o
 .text.LL_GPIO_Init
                0x08002e64       0xbc ./Drivers/STM32L0xx_HAL_Driver/Src/stm32l0xx_ll_gpio.o
                0x08002e64                LL_GPIO_Init
 .text.LL_RCC_HSI_IsReady
                0x08002f20       0x20 ./Drivers/STM32L0xx_HAL_Driver/Src/stm32l0xx_ll_rcc.o
 .text.LL_RCC_LSE_IsReady
                0x08002f40       0x28 ./Drivers/STM32L0xx_HAL_Driver/Src/stm32l0xx_ll_rcc.o
 .text.LL_RCC_MSI_GetRange
                0x08002f68       0x18 ./Drivers/STM32L0xx_HAL_Driver/Src/stm32l0xx_ll_rcc.o
 .text.LL_RCC_GetSysClkSource
                0x08002f80       0x18 ./Drivers/STM32L0xx_HAL_Driver/Src/stm32l0xx_ll_rcc.o
 .text.LL_RCC_GetAHBPrescaler
                0x08002f98       0x18 ./Drivers/STM32L0xx_HAL_Driver/Src/stm32l0xx_ll_rcc.o
 .text.LL_RCC_GetAPB1Prescaler
                0x08002fb0       0x18 ./Drivers/STM32L0xx_HAL_Driver/Src/stm32l0xx_ll_rcc.o
 .text.LL_RCC_GetUSARTClockSource
                0x08002fc8       0x24 ./Drivers/STM32L0xx_HAL_Driver/Src/stm32l0xx_ll_rcc.o
 .text.LL_RCC_PLL_GetMainSource
                0x08002fec       0x18 ./Drivers/STM32L0xx_HAL_Driver/Src/stm32l0xx_ll_rcc.o
 .text.LL_RCC_PLL_GetMultiplicator
                0x08003004       0x18 ./Drivers/STM32L0xx_HAL_Driver/Src/stm32l0xx_ll_rcc.o
 .text.LL_RCC_PLL_GetDivider
                0x0800301c       0x18 ./Drivers/STM32L0xx_HAL_Driver/Src/stm32l0xx_ll_rcc.o
 .text.LL_RCC_IsActiveFlag_HSIDIV
                0x08003034       0x20 ./Drivers/STM32L0xx_HAL_Driver/Src/stm32l0xx_ll_rcc.o
 .text.LL_RCC_GetUSARTClockFreq
                0x08003054       0xac ./Drivers/STM32L0xx_HAL_Driver/Src/stm32l0xx_ll_rcc.o
                0x08003054                LL_RCC_GetUSARTClockFreq
 .text.RCC_GetSystemClockFreq
                0x08003100       0x88 ./Drivers/STM32L0xx_HAL_Driver/Src/stm32l0xx_ll_rcc.o
 .text.RCC_GetHCLKClockFreq
                0x08003188       0x2c ./Drivers/STM32L0xx_HAL_Driver/Src/stm32l0xx_ll_rcc.o
 .text.RCC_GetPCLK1ClockFreq
                0x080031b4       0x28 ./Drivers/STM32L0xx_HAL_Driver/Src/stm32l0xx_ll_rcc.o
 .text.RCC_PLL_GetFreqDomain_SYS
                0x080031dc       0x70 ./Drivers/STM32L0xx_HAL_Driver/Src/stm32l0xx_ll_rcc.o
 .text.LL_SPI_IsEnabled
                0x0800324c       0x22 ./Drivers/STM32L0xx_HAL_Driver/Src/stm32l0xx_ll_spi.o
 .text.LL_SPI_SetCRCPolynomial
                0x0800326e       0x1c ./Drivers/STM32L0xx_HAL_Driver/Src/stm32l0xx_ll_spi.o
 *fill*         0x0800328a        0x2 
 .text.LL_SPI_Init
                0x0800328c       0xac ./Drivers/STM32L0xx_HAL_Driver/Src/stm32l0xx_ll_spi.o
                0x0800328c                LL_SPI_Init
 .text.LL_USART_IsEnabled
                0x08003338       0x22 ./Drivers/STM32L0xx_HAL_Driver/Src/stm32l0xx_ll_usart.o
 *fill*         0x0800335a        0x2 
 .text.LL_USART_SetStopBitsLength
                0x0800335c       0x28 ./Drivers/STM32L0xx_HAL_Driver/Src/stm32l0xx_ll_usart.o
 .text.LL_USART_SetHWFlowCtrl
                0x08003384       0x28 ./Drivers/STM32L0xx_HAL_Driver/Src/stm32l0xx_ll_usart.o
 .text.LL_USART_SetBaudRate
                0x080033ac       0x78 ./Drivers/STM32L0xx_HAL_Driver/Src/stm32l0xx_ll_usart.o
 .text.LL_USART_Init
                0x08003424       0xb0 ./Drivers/STM32L0xx_HAL_Driver/Src/stm32l0xx_ll_usart.o
                0x08003424                LL_USART_Init
 .text.LL_InitTick
                0x080034d4       0x34 ./Drivers/STM32L0xx_HAL_Driver/Src/stm32l0xx_ll_utils.o
 .text.LL_Init1msTick
                0x08003508       0x1e ./Drivers/STM32L0xx_HAL_Driver/Src/stm32l0xx_ll_utils.o
                0x08003508                LL_Init1msTick
 *fill*         0x08003526        0x2 
 .text.LL_mDelay
                0x08003528       0x44 ./Drivers/STM32L0xx_HAL_Driver/Src/stm32l0xx_ll_utils.o
                0x08003528                LL_mDelay
 .text.LL_SetSystemCoreClock
                0x0800356c       0x1c ./Drivers/STM32L0xx_HAL_Driver/Src/stm32l0xx_ll_utils.o
                0x0800356c                LL_SetSystemCoreClock
 .text.memset   0x08003588       0x10 D:/STM32 Software/STM32CubeIDE_1.15.0/STM32CubeIDE/plugins/com.st.stm32cube.ide.mcu.externaltools.gnu-tools-for-stm32.12.3.rel1.win32_1.0.100.202403111256/tools/bin/../lib/gcc/arm-none-eabi/12.3.1/../../../../arm-none-eabi/lib/thumb/v6-m/nofp\libc_nano.a(libc_a-memset.o)
                0x08003588                memset
 .text.__libc_init_array
                0x08003598       0x48 D:/STM32 Software/STM32CubeIDE_1.15.0/STM32CubeIDE/plugins/com.st.stm32cube.ide.mcu.externaltools.gnu-tools-for-stm32.12.3.rel1.win32_1.0.100.202403111256/tools/bin/../lib/gcc/arm-none-eabi/12.3.1/../../../../arm-none-eabi/lib/thumb/v6-m/nofp\libc_nano.a(libc_a-init.o)
                0x08003598                __libc_init_array
 *(.glue_7)
 .glue_7        0x080035e0        0x0 linker stubs
 *(.glue_7t)
 .glue_7t       0x080035e0        0x0 linker stubs
 *(.eh_frame)
 .eh_frame      0x080035e0        0x0 D:/STM32 Software/STM32CubeIDE_1.15.0/STM32CubeIDE/plugins/com.st.stm32cube.ide.mcu.externaltools.gnu-tools-for-stm32.12.3.rel1.win32_1.0.100.202403111256/tools/bin/../lib/gcc/arm-none-eabi/12.3.1/thumb/v6-m/nofp/crtbegin.o
 *(.init)
 .init          0x080035e0        0x4 D:/STM32 Software/STM32CubeIDE_1.15.0/STM32CubeIDE/plugins/com.st.stm32cube.ide.mcu.externaltools.gnu-tools-for-stm32.12.3.rel1.win32_1.0.100.202403111256/tools/bin/../lib/gcc/arm-none-eabi/12.3.1/thumb/v6-m/nofp/crti.o
                0x080035e0                _init
 .init          0x080035e4        0x8 D:/STM32 Software/STM32CubeIDE_1.15.0/STM32CubeIDE/plugins/com.st.stm32cube.ide.mcu.externaltools.gnu-tools-for-stm32.12.3.rel1.win32_1.0.100.202403111256/tools/bin/../lib/gcc/arm-none-eabi/12.3.1/thumb/v6-m/nofp/crtn.o
 *(.fini)
 .fini          0x080035ec        0x4 D:/STM32 Software/STM32CubeIDE_1.15.0/STM32CubeIDE/plugins/com.st.stm32cube.ide.mcu.externaltools.gnu-tools-for-stm32.12.3.rel1.win32_1.0.100.202403111256/tools/bin/../lib/gcc/arm-none-eabi/12.3.1/thumb/v6-m/nofp/crti.o
                0x080035ec                _fini
 .fini          0x080035f0        0x8 D:/STM32 Software/STM32CubeIDE_1.15.0/STM32CubeIDE/plugins/com.st.stm32cube.ide.mcu.externaltools.gnu-tools-for-stm32.12.3.rel1.win32_1.0.100.202403111256/tools/bin/../lib/gcc/arm-none-eabi/12.3.1/thumb/v6-m/nofp/crtn.o
                0x080035f8                        . = ALIGN (0x4)
                0x080035f8                        _etext = .

.vfp11_veneer   0x080035f8        0x0
 .vfp11_veneer  0x080035f8        0x0 linker stubs

.v4_bx          0x080035f8        0x0
 .v4_bx         0x080035f8        0x0 linker stubs

.iplt           0x080035f8        0x0
 .iplt          0x080035f8        0x0 D:/STM32 Software/STM32CubeIDE_1.15.0/STM32CubeIDE/plugins/com.st.stm32cube.ide.mcu.externaltools.gnu-tools-for-stm32.12.3.rel1.win32_1.0.100.202403111256/tools/bin/../lib/gcc/arm-none-eabi/12.3.1/thumb/v6-m/nofp/crtbegin.o

.rodata         0x080035f8      0x134
                0x080035f8                        . = ALIGN (0x4)
 *(.rodata)
 .rodata        0x080035f8       0x2d ./Core/Src/dw1000.o
 *fill*         0x08003625        0x3 
 .rodata        0x08003628       0x64 ./Core/Src/main.o
 .rodata        0x0800368c       0x7c D:/STM32 Software/STM32CubeIDE_1.15.0/STM32CubeIDE/plugins/com.st.stm32cube.ide.mcu.externaltools.gnu-tools-for-stm32.12.3.rel1.win32_1.0.100.202403111256/tools/bin/../lib/gcc/arm-none-eabi/12.3.1/thumb/v6-m/nofp\libgcc.a(divsf3.o)
 *(.rodata*)
 .rodata.AHBPrescTable
                0x08003708       0x10 ./Core/Src/system_stm32l0xx.o
                0x08003708                AHBPrescTable
 .rodata.APBPrescTable
                0x08003718        0x8 ./Core/Src/system_stm32l0xx.o
                0x08003718                APBPrescTable
 .rodata.PLLMulTable
                0x08003720        0x9 ./Core/Src/system_stm32l0xx.o
                0x08003720                PLLMulTable
                0x0800372c                        . = ALIGN (0x4)
 *fill*         0x08003729        0x3 

.ARM.extab      0x0800372c        0x0
                0x0800372c                        . = ALIGN (0x4)
 *(.ARM.extab* .gnu.linkonce.armextab.*)
                0x0800372c                        . = ALIGN (0x4)

.ARM            0x0800372c        0x0
                0x0800372c                        . = ALIGN (0x4)
                0x0800372c                        __exidx_start = .
 *(.ARM.exidx*)
                0x0800372c                        __exidx_end = .
                0x0800372c                        . = ALIGN (0x4)

.preinit_array  0x0800372c        0x0
                0x0800372c                        . = ALIGN (0x4)
                0x0800372c                        PROVIDE (__preinit_array_start = .)
 *(.preinit_array*)
                0x0800372c                        PROVIDE (__preinit_array_end = .)
                0x0800372c                        . = ALIGN (0x4)

.init_array     0x0800372c        0x4
                0x0800372c                        . = ALIGN (0x4)
                0x0800372c                        PROVIDE (__init_array_start = .)
 *(SORT_BY_NAME(.init_array.*))
 *(.init_array*)
 .init_array    0x0800372c        0x4 D:/STM32 Software/STM32CubeIDE_1.15.0/STM32CubeIDE/plugins/com.st.stm32cube.ide.mcu.externaltools.gnu-tools-for-stm32.12.3.rel1.win32_1.0.100.202403111256/tools/bin/../lib/gcc/arm-none-eabi/12.3.1/thumb/v6-m/nofp/crtbegin.o
                0x08003730                        PROVIDE (__init_array_end = .)
                0x08003730                        . = ALIGN (0x4)

.fini_array     0x08003730        0x4
                0x08003730                        . = ALIGN (0x4)
                [!provide]                        PROVIDE (__fini_array_start = .)
 *(SORT_BY_NAME(.fini_array.*))
 *(.fini_array*)
 .fini_array    0x08003730        0x4 D:/STM32 Software/STM32CubeIDE_1.15.0/STM32CubeIDE/plugins/com.st.stm32cube.ide.mcu.externaltools.gnu-tools-for-stm32.12.3.rel1.win32_1.0.100.202403111256/tools/bin/../lib/gcc/arm-none-eabi/12.3.1/thumb/v6-m/nofp/crtbegin.o
                [!provide]                        PROVIDE (__fini_array_end = .)
                0x08003734                        . = ALIGN (0x4)
                0x08003734                        _sidata = LOADADDR (.data)

.rel.dyn        0x08003734        0x0
 .rel.iplt      0x08003734        0x0 D:/STM32 Software/STM32CubeIDE_1.15.0/STM32CubeIDE/plugins/com.st.stm32cube.ide.mcu.externaltools.gnu-tools-for-stm32.12.3.rel1.win32_1.0.100.202403111256/tools/bin/../lib/gcc/arm-none-eabi/12.3.1/thumb/v6-m/nofp/crtbegin.o

.data           0x20000000        0x4 load address 0x08003734
                0x20000000                        . = ALIGN (0x4)
                0x20000000                        _sdata = .
 *(.data)
 *(.data*)
 .data.SystemCoreClock
                0x20000000        0x4 ./Core/Src/system_stm32l0xx.o
                0x20000000                SystemCoreClock
 *(.RamFunc)
 *(.RamFunc*)
                0x20000004                        . = ALIGN (0x4)
                0x20000004                        _edata = .

.igot.plt       0x20000004        0x0 load address 0x08003738
 .igot.plt      0x20000004        0x0 D:/STM32 Software/STM32CubeIDE_1.15.0/STM32CubeIDE/plugins/com.st.stm32cube.ide.mcu.externaltools.gnu-tools-for-stm32.12.3.rel1.win32_1.0.100.202403111256/tools/bin/../lib/gcc/arm-none-eabi/12.3.1/thumb/v6-m/nofp/crtbegin.o
                0x20000004                        . = ALIGN (0x4)

.bss            0x20000008       0x34 load address 0x08003738
                0x20000008                        _sbss = .
                0x20000008                        __bss_start__ = _sbss
 *(.bss)
 .bss           0x20000008       0x1c D:/STM32 Software/STM32CubeIDE_1.15.0/STM32CubeIDE/plugins/com.st.stm32cube.ide.mcu.externaltools.gnu-tools-for-stm32.12.3.rel1.win32_1.0.100.202403111256/tools/bin/../lib/gcc/arm-none-eabi/12.3.1/thumb/v6-m/nofp/crtbegin.o
 *(.bss*)
 .bss.rx_len_debug
                0x20000024        0x4 ./Core/Src/dw1000.o
                0x20000024                rx_len_debug
 .bss.sys_status_after_rx
                0x20000028        0x4 ./Core/Src/dw1000.o
                0x20000028                sys_status_after_rx
 .bss.rx_finfo_debug
                0x2000002c        0x4 ./Core/Src/dw1000.o
                0x2000002c                rx_finfo_debug
 .bss.ticks_elapsed
                0x20000030        0x8 ./Core/Src/dw1000.o
                0x20000030                ticks_elapsed
 .bss.g_debug_status
                0x20000038        0x4 ./Core/Src/dw1000.o
                0x20000038                g_debug_status
 *(COMMON)
                0x2000003c                        . = ALIGN (0x4)
                0x2000003c                        _ebss = .
                0x2000003c                        __bss_end__ = _ebss

._user_heap_stack
                0x2000003c      0x604 load address 0x08003738
                0x20000040                        . = ALIGN (0x8)
 *fill*         0x2000003c        0x4 
                [!provide]                        PROVIDE (end = .)
                0x20000040                        PROVIDE (_end = .)
                0x20000240                        . = (. + _Min_Heap_Size)
 *fill*         0x20000040      0x200 
                0x20000640                        . = (. + _Min_Stack_Size)
 *fill*         0x20000240      0x400 
                0x20000640                        . = ALIGN (0x8)

/DISCARD/
 libc.a(*)
 libm.a(*)
 libgcc.a(*)

.ARM.attributes
                0x00000000       0x28
 *(.ARM.attributes)
 .ARM.attributes
                0x00000000       0x1e D:/STM32 Software/STM32CubeIDE_1.15.0/STM32CubeIDE/plugins/com.st.stm32cube.ide.mcu.externaltools.gnu-tools-for-stm32.12.3.rel1.win32_1.0.100.202403111256/tools/bin/../lib/gcc/arm-none-eabi/12.3.1/thumb/v6-m/nofp/crti.o
 .ARM.attributes
                0x0000001e       0x2c D:/STM32 Software/STM32CubeIDE_1.15.0/STM32CubeIDE/plugins/com.st.stm32cube.ide.mcu.externaltools.gnu-tools-for-stm32.12.3.rel1.win32_1.0.100.202403111256/tools/bin/../lib/gcc/arm-none-eabi/12.3.1/thumb/v6-m/nofp/crtbegin.o
 .ARM.attributes
                0x0000004a       0x2c ./Core/Src/dw1000.o
 .ARM.attributes
                0x00000076       0x2c ./Core/Src/main.o
 .ARM.attributes
                0x000000a2       0x2c ./Core/Src/stm32l0xx_it.o
 .ARM.attributes
                0x000000ce       0x2c ./Core/Src/system_stm32l0xx.o
 .ARM.attributes
                0x000000fa       0x22 ./Core/Startup/startup_stm32l041g6uxs.o
 .ARM.attributes
                0x0000011c       0x2c ./Drivers/STM32L0xx_HAL_Driver/Src/stm32l0xx_ll_gpio.o
 .ARM.attributes
                0x00000148       0x2c ./Drivers/STM32L0xx_HAL_Driver/Src/stm32l0xx_ll_rcc.o
 .ARM.attributes
                0x00000174       0x2c ./Drivers/STM32L0xx_HAL_Driver/Src/stm32l0xx_ll_spi.o
 .ARM.attributes
                0x000001a0       0x2c ./Drivers/STM32L0xx_HAL_Driver/Src/stm32l0xx_ll_usart.o
 .ARM.attributes
                0x000001cc       0x2c ./Drivers/STM32L0xx_HAL_Driver/Src/stm32l0xx_ll_utils.o
 .ARM.attributes
                0x000001f8       0x2c D:/STM32 Software/STM32CubeIDE_1.15.0/STM32CubeIDE/plugins/com.st.stm32cube.ide.mcu.externaltools.gnu-tools-for-stm32.12.3.rel1.win32_1.0.100.202403111256/tools/bin/../lib/gcc/arm-none-eabi/12.3.1/../../../../arm-none-eabi/lib/thumb/v6-m/nofp\libc_nano.a(libc_a-memset.o)
 .ARM.attributes
                0x00000224       0x2c D:/STM32 Software/STM32CubeIDE_1.15.0/STM32CubeIDE/plugins/com.st.stm32cube.ide.mcu.externaltools.gnu-tools-for-stm32.12.3.rel1.win32_1.0.100.202403111256/tools/bin/../lib/gcc/arm-none-eabi/12.3.1/../../../../arm-none-eabi/lib/thumb/v6-m/nofp\libc_nano.a(libc_a-init.o)
 .ARM.attributes
                0x00000250       0x1e D:/STM32 Software/STM32CubeIDE_1.15.0/STM32CubeIDE/plugins/com.st.stm32cube.ide.mcu.externaltools.gnu-tools-for-stm32.12.3.rel1.win32_1.0.100.202403111256/tools/bin/../lib/gcc/arm-none-eabi/12.3.1/thumb/v6-m/nofp\libgcc.a(_udivsi3.o)
 .ARM.attributes
                0x0000026e       0x1e D:/STM32 Software/STM32CubeIDE_1.15.0/STM32CubeIDE/plugins/com.st.stm32cube.ide.mcu.externaltools.gnu-tools-for-stm32.12.3.rel1.win32_1.0.100.202403111256/tools/bin/../lib/gcc/arm-none-eabi/12.3.1/thumb/v6-m/nofp\libgcc.a(_dvmd_tls.o)
 .ARM.attributes
                0x0000028c       0x2c D:/STM32 Software/STM32CubeIDE_1.15.0/STM32CubeIDE/plugins/com.st.stm32cube.ide.mcu.externaltools.gnu-tools-for-stm32.12.3.rel1.win32_1.0.100.202403111256/tools/bin/../lib/gcc/arm-none-eabi/12.3.1/thumb/v6-m/nofp\libgcc.a(_floatdisf.o)
 .ARM.attributes
                0x000002b8       0x2c D:/STM32 Software/STM32CubeIDE_1.15.0/STM32CubeIDE/plugins/com.st.stm32cube.ide.mcu.externaltools.gnu-tools-for-stm32.12.3.rel1.win32_1.0.100.202403111256/tools/bin/../lib/gcc/arm-none-eabi/12.3.1/thumb/v6-m/nofp\libgcc.a(divsf3.o)
 .ARM.attributes
                0x000002e4       0x2c D:/STM32 Software/STM32CubeIDE_1.15.0/STM32CubeIDE/plugins/com.st.stm32cube.ide.mcu.externaltools.gnu-tools-for-stm32.12.3.rel1.win32_1.0.100.202403111256/tools/bin/../lib/gcc/arm-none-eabi/12.3.1/thumb/v6-m/nofp\libgcc.a(mulsf3.o)
 .ARM.attributes
                0x00000310       0x2c D:/STM32 Software/STM32CubeIDE_1.15.0/STM32CubeIDE/plugins/com.st.stm32cube.ide.mcu.externaltools.gnu-tools-for-stm32.12.3.rel1.win32_1.0.100.202403111256/tools/bin/../lib/gcc/arm-none-eabi/12.3.1/thumb/v6-m/nofp\libgcc.a(adddf3.o)
 .ARM.attributes
                0x0000033c       0x2c D:/STM32 Software/STM32CubeIDE_1.15.0/STM32CubeIDE/plugins/com.st.stm32cube.ide.mcu.externaltools.gnu-tools-for-stm32.12.3.rel1.win32_1.0.100.202403111256/tools/bin/../lib/gcc/arm-none-eabi/12.3.1/thumb/v6-m/nofp\libgcc.a(muldf3.o)
 .ARM.attributes
                0x00000368       0x2c D:/STM32 Software/STM32CubeIDE_1.15.0/STM32CubeIDE/plugins/com.st.stm32cube.ide.mcu.externaltools.gnu-tools-for-stm32.12.3.rel1.win32_1.0.100.202403111256/tools/bin/../lib/gcc/arm-none-eabi/12.3.1/thumb/v6-m/nofp\libgcc.a(floatsidf.o)
 .ARM.attributes
                0x00000394       0x2c D:/STM32 Software/STM32CubeIDE_1.15.0/STM32CubeIDE/plugins/com.st.stm32cube.ide.mcu.externaltools.gnu-tools-for-stm32.12.3.rel1.win32_1.0.100.202403111256/tools/bin/../lib/gcc/arm-none-eabi/12.3.1/thumb/v6-m/nofp\libgcc.a(floatunsidf.o)
 .ARM.attributes
                0x000003c0       0x2c D:/STM32 Software/STM32CubeIDE_1.15.0/STM32CubeIDE/plugins/com.st.stm32cube.ide.mcu.externaltools.gnu-tools-for-stm32.12.3.rel1.win32_1.0.100.202403111256/tools/bin/../lib/gcc/arm-none-eabi/12.3.1/thumb/v6-m/nofp\libgcc.a(truncdfsf2.o)
 .ARM.attributes
                0x000003ec       0x1e D:/STM32 Software/STM32CubeIDE_1.15.0/STM32CubeIDE/plugins/com.st.stm32cube.ide.mcu.externaltools.gnu-tools-for-stm32.12.3.rel1.win32_1.0.100.202403111256/tools/bin/../lib/gcc/arm-none-eabi/12.3.1/thumb/v6-m/nofp\libgcc.a(_clzsi2.o)
 .ARM.attributes
                0x0000040a       0x1e D:/STM32 Software/STM32CubeIDE_1.15.0/STM32CubeIDE/plugins/com.st.stm32cube.ide.mcu.externaltools.gnu-tools-for-stm32.12.3.rel1.win32_1.0.100.202403111256/tools/bin/../lib/gcc/arm-none-eabi/12.3.1/thumb/v6-m/nofp/crtn.o
OUTPUT(DWM_TWR.elf elf32-littlearm)
LOAD linker stubs
LOAD D:/STM32 Software/STM32CubeIDE_1.15.0/STM32CubeIDE/plugins/com.st.stm32cube.ide.mcu.externaltools.gnu-tools-for-stm32.12.3.rel1.win32_1.0.100.202403111256/tools/bin/../lib/gcc/arm-none-eabi/12.3.1/../../../../arm-none-eabi/lib/thumb/v6-m/nofp\libc.a
LOAD D:/STM32 Software/STM32CubeIDE_1.15.0/STM32CubeIDE/plugins/com.st.stm32cube.ide.mcu.externaltools.gnu-tools-for-stm32.12.3.rel1.win32_1.0.100.202403111256/tools/bin/../lib/gcc/arm-none-eabi/12.3.1/../../../../arm-none-eabi/lib/thumb/v6-m/nofp\libm.a
LOAD D:/STM32 Software/STM32CubeIDE_1.15.0/STM32CubeIDE/plugins/com.st.stm32cube.ide.mcu.externaltools.gnu-tools-for-stm32.12.3.rel1.win32_1.0.100.202403111256/tools/bin/../lib/gcc/arm-none-eabi/12.3.1/thumb/v6-m/nofp\libgcc.a

.debug_info     0x00000000     0x3fc8
 .debug_info    0x00000000      0xba9 ./Core/Src/dw1000.o
 .debug_info    0x00000ba9     0x1129 ./Core/Src/main.o
 .debug_info    0x00001cd2      0x105 ./Core/Src/stm32l0xx_it.o
 .debug_info    0x00001dd7      0x2c9 ./Core/Src/system_stm32l0xx.o
 .debug_info    0x000020a0       0x30 ./Core/Startup/startup_stm32l041g6uxs.o
 .debug_info    0x000020d0      0x566 ./Drivers/STM32L0xx_HAL_Driver/Src/stm32l0xx_ll_gpio.o
 .debug_info    0x00002636      0x70a ./Drivers/STM32L0xx_HAL_Driver/Src/stm32l0xx_ll_rcc.o
 .debug_info    0x00002d40      0x424 ./Drivers/STM32L0xx_HAL_Driver/Src/stm32l0xx_ll_spi.o
 .debug_info    0x00003164      0x5fa ./Drivers/STM32L0xx_HAL_Driver/Src/stm32l0xx_ll_usart.o
 .debug_info    0x0000375e      0x86a ./Drivers/STM32L0xx_HAL_Driver/Src/stm32l0xx_ll_utils.o

.debug_abbrev   0x00000000     0x1111
 .debug_abbrev  0x00000000      0x284 ./Core/Src/dw1000.o
 .debug_abbrev  0x00000284      0x33b ./Core/Src/main.o
 .debug_abbrev  0x000005bf       0x80 ./Core/Src/stm32l0xx_it.o
 .debug_abbrev  0x0000063f      0x11c ./Core/Src/system_stm32l0xx.o
 .debug_abbrev  0x0000075b       0x24 ./Core/Startup/startup_stm32l041g6uxs.o
 .debug_abbrev  0x0000077f      0x1a6 ./Drivers/STM32L0xx_HAL_Driver/Src/stm32l0xx_ll_gpio.o
 .debug_abbrev  0x00000925      0x223 ./Drivers/STM32L0xx_HAL_Driver/Src/stm32l0xx_ll_rcc.o
 .debug_abbrev  0x00000b48      0x18d ./Drivers/STM32L0xx_HAL_Driver/Src/stm32l0xx_ll_spi.o
 .debug_abbrev  0x00000cd5      0x1e4 ./Drivers/STM32L0xx_HAL_Driver/Src/stm32l0xx_ll_usart.o
 .debug_abbrev  0x00000eb9      0x258 ./Drivers/STM32L0xx_HAL_Driver/Src/stm32l0xx_ll_utils.o

.debug_aranges  0x00000000      0x610
 .debug_aranges
                0x00000000       0xc0 ./Core/Src/dw1000.o
 .debug_aranges
                0x000000c0      0x168 ./Core/Src/main.o
 .debug_aranges
                0x00000228       0x40 ./Core/Src/stm32l0xx_it.o
 .debug_aranges
                0x00000268       0x28 ./Core/Src/system_stm32l0xx.o
 .debug_aranges
                0x00000290       0x28 ./Core/Startup/startup_stm32l041g6uxs.o
 .debug_aranges
                0x000002b8       0x70 ./Drivers/STM32L0xx_HAL_Driver/Src/stm32l0xx_ll_gpio.o
 .debug_aranges
                0x00000328      0x130 ./Drivers/STM32L0xx_HAL_Driver/Src/stm32l0xx_ll_rcc.o
 .debug_aranges
                0x00000458       0x50 ./Drivers/STM32L0xx_HAL_Driver/Src/stm32l0xx_ll_spi.o
 .debug_aranges
                0x000004a8       0x78 ./Drivers/STM32L0xx_HAL_Driver/Src/stm32l0xx_ll_usart.o
 .debug_aranges
                0x00000520       0xf0 ./Drivers/STM32L0xx_HAL_Driver/Src/stm32l0xx_ll_utils.o

.debug_rnglists
                0x00000000      0x478
 .debug_rnglists
                0x00000000       0x95 ./Core/Src/dw1000.o
 .debug_rnglists
                0x00000095      0x10e ./Core/Src/main.o
 .debug_rnglists
                0x000001a3       0x2b ./Core/Src/stm32l0xx_it.o
 .debug_rnglists
                0x000001ce       0x1a ./Core/Src/system_stm32l0xx.o
 .debug_rnglists
                0x000001e8       0x19 ./Core/Startup/startup_stm32l041g6uxs.o
 .debug_rnglists
                0x00000201       0x51 ./Drivers/STM32L0xx_HAL_Driver/Src/stm32l0xx_ll_gpio.o
 .debug_rnglists
                0x00000252       0xe5 ./Drivers/STM32L0xx_HAL_Driver/Src/stm32l0xx_ll_rcc.o
 .debug_rnglists
                0x00000337       0x38 ./Drivers/STM32L0xx_HAL_Driver/Src/stm32l0xx_ll_spi.o
 .debug_rnglists
                0x0000036f       0x56 ./Drivers/STM32L0xx_HAL_Driver/Src/stm32l0xx_ll_usart.o
 .debug_rnglists
                0x000003c5       0xb3 ./Drivers/STM32L0xx_HAL_Driver/Src/stm32l0xx_ll_utils.o

.debug_macro    0x00000000     0xcea3
 .debug_macro   0x00000000      0x238 ./Core/Src/dw1000.o
 .debug_macro   0x00000238      0xacc ./Core/Src/dw1000.o
 .debug_macro   0x00000d04       0x22 ./Core/Src/dw1000.o
 .debug_macro   0x00000d26       0x8e ./Core/Src/dw1000.o
 .debug_macro   0x00000db4       0x51 ./Core/Src/dw1000.o
 .debug_macro   0x00000e05      0x103 ./Core/Src/dw1000.o
 .debug_macro   0x00000f08       0x6a ./Core/Src/dw1000.o
 .debug_macro   0x00000f72      0x1df ./Core/Src/dw1000.o
 .debug_macro   0x00001151       0x22 ./Core/Src/dw1000.o
 .debug_macro   0x00001173       0x10 ./Core/Src/dw1000.o
 .debug_macro   0x00001183      0x24c ./Core/Src/dw1000.o
 .debug_macro   0x000013cf       0x2e ./Core/Src/dw1000.o
 .debug_macro   0x000013fd       0x28 ./Core/Src/dw1000.o
 .debug_macro   0x00001425       0x1c ./Core/Src/dw1000.o
 .debug_macro   0x00001441       0x22 ./Core/Src/dw1000.o
 .debug_macro   0x00001463       0xaf ./Core/Src/dw1000.o
 .debug_macro   0x00001512      0x3ad ./Core/Src/dw1000.o
 .debug_macro   0x000018bf     0x8398 ./Core/Src/dw1000.o
 .debug_macro   0x00009c57       0x66 ./Core/Src/dw1000.o
 .debug_macro   0x00009cbd      0x3b4 ./Core/Src/dw1000.o
 .debug_macro   0x0000a071       0xbb ./Core/Src/dw1000.o
 .debug_macro   0x0000a12c      0x14b ./Core/Src/dw1000.o
 .debug_macro   0x0000a277      0x108 ./Core/Src/dw1000.o
 .debug_macro   0x0000a37f       0x16 ./Core/Src/dw1000.o
 .debug_macro   0x0000a395       0x2a ./Core/Src/dw1000.o
 .debug_macro   0x0000a3bf       0xce ./Core/Src/dw1000.o
 .debug_macro   0x0000a48d      0x303 ./Core/Src/dw1000.o
 .debug_macro   0x0000a790      0x129 ./Core/Src/dw1000.o
 .debug_macro   0x0000a8b9      0x2f7 ./Core/Src/dw1000.o
 .debug_macro   0x0000abb0      0x12d ./Core/Src/dw1000.o
 .debug_macro   0x0000acdd       0x22 ./Core/Src/dw1000.o
 .debug_macro   0x0000acff       0x61 ./Core/Src/dw1000.o
 .debug_macro   0x0000ad60       0x24 ./Core/Src/dw1000.o
 .debug_macro   0x0000ad84       0x43 ./Core/Src/dw1000.o
 .debug_macro   0x0000adc7       0x34 ./Core/Src/dw1000.o
 .debug_macro   0x0000adfb      0x189 ./Core/Src/dw1000.o
 .debug_macro   0x0000af84       0x16 ./Core/Src/dw1000.o
 .debug_macro   0x0000af9a       0x43 ./Core/Src/dw1000.o
 .debug_macro   0x0000afdd       0x34 ./Core/Src/dw1000.o
 .debug_macro   0x0000b011       0x10 ./Core/Src/dw1000.o
 .debug_macro   0x0000b021       0x58 ./Core/Src/dw1000.o
 .debug_macro   0x0000b079       0x8e ./Core/Src/dw1000.o
 .debug_macro   0x0000b107       0x1c ./Core/Src/dw1000.o
 .debug_macro   0x0000b123      0x177 ./Core/Src/dw1000.o
 .debug_macro   0x0000b29a      0x369 ./Core/Src/dw1000.o
 .debug_macro   0x0000b603       0x10 ./Core/Src/dw1000.o
 .debug_macro   0x0000b613       0x35 ./Core/Src/dw1000.o
 .debug_macro   0x0000b648       0x20 ./Core/Src/dw1000.o
 .debug_macro   0x0000b668      0x23a ./Core/Src/main.o
 .debug_macro   0x0000b8a2      0x246 ./Core/Src/main.o
 .debug_macro   0x0000bae8       0x16 ./Core/Src/main.o
 .debug_macro   0x0000bafe       0x9e ./Core/Src/main.o
 .debug_macro   0x0000bb9c      0x10b ./Core/Src/main.o
 .debug_macro   0x0000bca7       0x10 ./Core/Src/main.o
 .debug_macro   0x0000bcb7       0x16 ./Core/Src/main.o
 .debug_macro   0x0000bccd       0x16 ./Core/Src/main.o
 .debug_macro   0x0000bce3      0x146 ./Core/Src/main.o
 .debug_macro   0x0000be29      0x140 ./Core/Src/stm32l0xx_it.o
 .debug_macro   0x0000bf69       0xba ./Core/Src/system_stm32l0xx.o
 .debug_macro   0x0000c023       0xfc ./Drivers/STM32L0xx_HAL_Driver/Src/stm32l0xx_ll_gpio.o
 .debug_macro   0x0000c11f      0x127 ./Drivers/STM32L0xx_HAL_Driver/Src/stm32l0xx_ll_gpio.o
 .debug_macro   0x0000c246       0xe7 ./Drivers/STM32L0xx_HAL_Driver/Src/stm32l0xx_ll_rcc.o
 .debug_macro   0x0000c32d      0x3ae ./Drivers/STM32L0xx_HAL_Driver/Src/stm32l0xx_ll_rcc.o
 .debug_macro   0x0000c6db      0x123 ./Drivers/STM32L0xx_HAL_Driver/Src/stm32l0xx_ll_spi.o
 .debug_macro   0x0000c7fe      0x123 ./Drivers/STM32L0xx_HAL_Driver/Src/stm32l0xx_ll_spi.o
 .debug_macro   0x0000c921      0x12f ./Drivers/STM32L0xx_HAL_Driver/Src/stm32l0xx_ll_usart.o
 .debug_macro   0x0000ca50      0x2f1 ./Drivers/STM32L0xx_HAL_Driver/Src/stm32l0xx_ll_usart.o
 .debug_macro   0x0000cd41      0x162 ./Drivers/STM32L0xx_HAL_Driver/Src/stm32l0xx_ll_utils.o

.debug_line     0x00000000     0x5a90
 .debug_line    0x00000000      0xfab ./Core/Src/dw1000.o
 .debug_line    0x00000fab     0x1057 ./Core/Src/main.o
 .debug_line    0x00002002      0x748 ./Core/Src/stm32l0xx_it.o
 .debug_line    0x0000274a      0x655 ./Core/Src/system_stm32l0xx.o
 .debug_line    0x00002d9f       0x7b ./Core/Startup/startup_stm32l041g6uxs.o
 .debug_line    0x00002e1a      0x782 ./Drivers/STM32L0xx_HAL_Driver/Src/stm32l0xx_ll_gpio.o
 .debug_line    0x0000359c      0xb9e ./Drivers/STM32L0xx_HAL_Driver/Src/stm32l0xx_ll_rcc.o
 .debug_line    0x0000413a      0x6fa ./Drivers/STM32L0xx_HAL_Driver/Src/stm32l0xx_ll_spi.o
 .debug_line    0x00004834      0x7de ./Drivers/STM32L0xx_HAL_Driver/Src/stm32l0xx_ll_usart.o
 .debug_line    0x00005012      0xa7e ./Drivers/STM32L0xx_HAL_Driver/Src/stm32l0xx_ll_utils.o

.debug_str      0x00000000    0x412d0
 .debug_str     0x00000000    0x3dd2b ./Core/Src/dw1000.o
                              0x3e028 (size before relaxing)
 .debug_str     0x0003dd2b      0xd40 ./Core/Src/main.o
                              0x3e9e3 (size before relaxing)
 .debug_str     0x0003ea6b       0x76 ./Core/Src/stm32l0xx_it.o
                              0x39a51 (size before relaxing)
 .debug_str     0x0003eae1       0x89 ./Core/Src/system_stm32l0xx.o
                              0x33634 (size before relaxing)
 .debug_str     0x0003eb6a       0x45 ./Core/Startup/startup_stm32l041g6uxs.o
                                 0x63 (size before relaxing)
 .debug_str     0x0003ebaf      0x557 ./Drivers/STM32L0xx_HAL_Driver/Src/stm32l0xx_ll_gpio.o
                              0x3478f (size before relaxing)
 .debug_str     0x0003f106      0x52e ./Drivers/STM32L0xx_HAL_Driver/Src/stm32l0xx_ll_rcc.o
                              0x35439 (size before relaxing)
 .debug_str     0x0003f634      0x776 ./Drivers/STM32L0xx_HAL_Driver/Src/stm32l0xx_ll_spi.o
                              0x361d1 (size before relaxing)
 .debug_str     0x0003fdaa      0x837 ./Drivers/STM32L0xx_HAL_Driver/Src/stm32l0xx_ll_usart.o
                              0x36d1b (size before relaxing)
 .debug_str     0x000405e1      0xcef ./Drivers/STM32L0xx_HAL_Driver/Src/stm32l0xx_ll_utils.o
                              0x36b68 (size before relaxing)

.comment        0x00000000       0x43
 .comment       0x00000000       0x43 ./Core/Src/dw1000.o
                                 0x44 (size before relaxing)
 .comment       0x00000043       0x44 ./Core/Src/main.o
 .comment       0x00000043       0x44 ./Core/Src/stm32l0xx_it.o
 .comment       0x00000043       0x44 ./Core/Src/system_stm32l0xx.o
 .comment       0x00000043       0x44 ./Drivers/STM32L0xx_HAL_Driver/Src/stm32l0xx_ll_gpio.o
 .comment       0x00000043       0x44 ./Drivers/STM32L0xx_HAL_Driver/Src/stm32l0xx_ll_rcc.o
 .comment       0x00000043       0x44 ./Drivers/STM32L0xx_HAL_Driver/Src/stm32l0xx_ll_spi.o
 .comment       0x00000043       0x44 ./Drivers/STM32L0xx_HAL_Driver/Src/stm32l0xx_ll_usart.o
 .comment       0x00000043       0x44 ./Drivers/STM32L0xx_HAL_Driver/Src/stm32l0xx_ll_utils.o

.debug_frame    0x00000000     0x1650
 .debug_frame   0x00000000      0x2d0 ./Core/Src/dw1000.o
 .debug_frame   0x000002d0      0x530 ./Core/Src/main.o
 .debug_frame   0x00000800       0x9c ./Core/Src/stm32l0xx_it.o
 .debug_frame   0x0000089c       0x4c ./Core/Src/system_stm32l0xx.o
 .debug_frame   0x000008e8      0x170 ./Drivers/STM32L0xx_HAL_Driver/Src/stm32l0xx_ll_gpio.o
 .debug_frame   0x00000a58      0x42c ./Drivers/STM32L0xx_HAL_Driver/Src/stm32l0xx_ll_rcc.o
 .debug_frame   0x00000e84       0xf0 ./Drivers/STM32L0xx_HAL_Driver/Src/stm32l0xx_ll_spi.o
 .debug_frame   0x00000f74      0x190 ./Drivers/STM32L0xx_HAL_Driver/Src/stm32l0xx_ll_usart.o
 .debug_frame   0x00001104      0x344 ./Drivers/STM32L0xx_HAL_Driver/Src/stm32l0xx_ll_utils.o
 .debug_frame   0x00001448       0x20 D:/STM32 Software/STM32CubeIDE_1.15.0/STM32CubeIDE/plugins/com.st.stm32cube.ide.mcu.externaltools.gnu-tools-for-stm32.12.3.rel1.win32_1.0.100.202403111256/tools/bin/../lib/gcc/arm-none-eabi/12.3.1/../../../../arm-none-eabi/lib/thumb/v6-m/nofp\libc_nano.a(libc_a-memset.o)
 .debug_frame   0x00001468       0x2c D:/STM32 Software/STM32CubeIDE_1.15.0/STM32CubeIDE/plugins/com.st.stm32cube.ide.mcu.externaltools.gnu-tools-for-stm32.12.3.rel1.win32_1.0.100.202403111256/tools/bin/../lib/gcc/arm-none-eabi/12.3.1/../../../../arm-none-eabi/lib/thumb/v6-m/nofp\libc_nano.a(libc_a-init.o)
 .debug_frame   0x00001494       0x20 D:/STM32 Software/STM32CubeIDE_1.15.0/STM32CubeIDE/plugins/com.st.stm32cube.ide.mcu.externaltools.gnu-tools-for-stm32.12.3.rel1.win32_1.0.100.202403111256/tools/bin/../lib/gcc/arm-none-eabi/12.3.1/thumb/v6-m/nofp\libgcc.a(_udivsi3.o)
 .debug_frame   0x000014b4       0x30 D:/STM32 Software/STM32CubeIDE_1.15.0/STM32CubeIDE/plugins/com.st.stm32cube.ide.mcu.externaltools.gnu-tools-for-stm32.12.3.rel1.win32_1.0.100.202403111256/tools/bin/../lib/gcc/arm-none-eabi/12.3.1/thumb/v6-m/nofp\libgcc.a(_floatdisf.o)
 .debug_frame   0x000014e4       0x38 D:/STM32 Software/STM32CubeIDE_1.15.0/STM32CubeIDE/plugins/com.st.stm32cube.ide.mcu.externaltools.gnu-tools-for-stm32.12.3.rel1.win32_1.0.100.202403111256/tools/bin/../lib/gcc/arm-none-eabi/12.3.1/thumb/v6-m/nofp\libgcc.a(divsf3.o)
 .debug_frame   0x0000151c       0x38 D:/STM32 Software/STM32CubeIDE_1.15.0/STM32CubeIDE/plugins/com.st.stm32cube.ide.mcu.externaltools.gnu-tools-for-stm32.12.3.rel1.win32_1.0.100.202403111256/tools/bin/../lib/gcc/arm-none-eabi/12.3.1/thumb/v6-m/nofp\libgcc.a(mulsf3.o)
 .debug_frame   0x00001554       0x3c D:/STM32 Software/STM32CubeIDE_1.15.0/STM32CubeIDE/plugins/com.st.stm32cube.ide.mcu.externaltools.gnu-tools-for-stm32.12.3.rel1.win32_1.0.100.202403111256/tools/bin/../lib/gcc/arm-none-eabi/12.3.1/thumb/v6-m/nofp\libgcc.a(adddf3.o)
 .debug_frame   0x00001590       0x3c D:/STM32 Software/STM32CubeIDE_1.15.0/STM32CubeIDE/plugins/com.st.stm32cube.ide.mcu.externaltools.gnu-tools-for-stm32.12.3.rel1.win32_1.0.100.202403111256/tools/bin/../lib/gcc/arm-none-eabi/12.3.1/thumb/v6-m/nofp\libgcc.a(muldf3.o)
 .debug_frame   0x000015cc       0x2c D:/STM32 Software/STM32CubeIDE_1.15.0/STM32CubeIDE/plugins/com.st.stm32cube.ide.mcu.externaltools.gnu-tools-for-stm32.12.3.rel1.win32_1.0.100.202403111256/tools/bin/../lib/gcc/arm-none-eabi/12.3.1/thumb/v6-m/nofp\libgcc.a(floatsidf.o)
 .debug_frame   0x000015f8       0x28 D:/STM32 Software/STM32CubeIDE_1.15.0/STM32CubeIDE/plugins/com.st.stm32cube.ide.mcu.externaltools.gnu-tools-for-stm32.12.3.rel1.win32_1.0.100.202403111256/tools/bin/../lib/gcc/arm-none-eabi/12.3.1/thumb/v6-m/nofp\libgcc.a(floatunsidf.o)
 .debug_frame   0x00001620       0x30 D:/STM32 Software/STM32CubeIDE_1.15.0/STM32CubeIDE/plugins/com.st.stm32cube.ide.mcu.externaltools.gnu-tools-for-stm32.12.3.rel1.win32_1.0.100.202403111256/tools/bin/../lib/gcc/arm-none-eabi/12.3.1/thumb/v6-m/nofp\libgcc.a(truncdfsf2.o)

.debug_line_str
                0x00000000       0x47
 .debug_line_str
                0x00000000       0x47 ./Core/Startup/startup_stm32l041g6uxs.o
