../Core/Src/dw1000.c:45:6:dw_write_reg	32	static
../Core/Src/dw1000.c:57:6:dw_read_reg	32	static
../Core/Src/dw1000.c:71:6:dw_write_subreg	40	static
../Core/Src/dw1000.c:99:6:dw_read_subreg	40	static
../Core/Src/dw1000.c:127:10:dw_read_reg32	32	static
../Core/Src/dw1000.c:135:6:dw_write_reg32	24	static
../Core/Src/dw1000.c:145:10:dw_read_subreg16	32	static
../Core/Src/dw1000.c:152:6:dw_write_subreg16	32	static
../Core/Src/dw1000.c:160:6:dw_write_subreg32	24	static
../Core/Src/dw1000.c:176:6:dw_reset	8	static
../Core/Src/dw1000.c:194:6:dw_init	40	static
../Core/Src/dw1000.c:295:6:dw_set_tx_antenna_delay	16	static
../Core/Src/dw1000.c:301:6:dw_set_rx_antenna_delay	16	static
../Core/Src/dw1000.c:310:6:dw_send_frame	24	static
../Core/Src/dw1000.c:342:9:dw_receive_frame	56	static
../Core/Src/dw1000.c:429:16:dw_read_tx_timestamp	128	static
../Core/Src/dw1000.c:438:16:dw_read_rx_timestamp	128	static
../Core/Src/dw1000.c:477:13:pack_ts	56	static
../Core/Src/dw1000.c:486:23:unpack_ts	112	static
../Core/Src/dw1000.c:493:6:dw_twr_initiator_range	128	static
../Core/Src/dw1000.c:542:6:dw_twr_responder_listen	136	static
